Archive member included to satisfy reference by file (symbol)

/opt/devkitpro/libogc/lib/wii/libwiiuse.a(wpad.o)
                              template.o (WPAD_Init)
/opt/devkitpro/libogc/lib/wii/libwiiuse.a(motion_plus.o)
                              /opt/devkitpro/libogc/lib/wii/libwiiuse.a(wpad.o) (wiiuse_set_motion_plus)
/opt/devkitpro/libogc/lib/wii/libwiiuse.a(dynamics.o)
                              /opt/devkitpro/libogc/lib/wii/libwiiuse.a(wpad.o) (calculate_gforce)
/opt/devkitpro/libogc/lib/wii/libwiiuse.a(io.o)
                              /opt/devkitpro/libogc/lib/wii/libwiiuse.a(motion_plus.o) (wiiuse_disable_expansion)
/opt/devkitpro/libogc/lib/wii/libwiiuse.a(io_wii.o)
                              /opt/devkitpro/libogc/lib/wii/libwiiuse.a(wpad.o) (__wiiuse_sensorbar_enable)
/opt/devkitpro/libogc/lib/wii/libwiiuse.a(ir.o)
                              /opt/devkitpro/libogc/lib/wii/libwiiuse.a(motion_plus.o) (wiiuse_set_ir_mode)
/opt/devkitpro/libogc/lib/wii/libwiiuse.a(nunchuk.o)
                              /opt/devkitpro/libogc/lib/wii/libwiiuse.a(io.o) (nunchuk_handshake)
/opt/devkitpro/libogc/lib/wii/libwiiuse.a(wiiboard.o)
                              /opt/devkitpro/libogc/lib/wii/libwiiuse.a(io.o) (wii_board_handshake)
/opt/devkitpro/libogc/lib/wii/libwiiuse.a(wiiuse.o)
                              /opt/devkitpro/libogc/lib/wii/libwiiuse.a(wpad.o) (wiiuse_init)
/opt/devkitpro/libogc/lib/wii/libwiiuse.a(speaker.o)
                              /opt/devkitpro/libogc/lib/wii/libwiiuse.a(wpad.o) (wencdata)
/opt/devkitpro/libogc/lib/wii/libwiiuse.a(classic.o)
                              /opt/devkitpro/libogc/lib/wii/libwiiuse.a(io.o) (classic_ctrl_handshake)
/opt/devkitpro/libogc/lib/wii/libwiiuse.a(events.o)
                              /opt/devkitpro/libogc/lib/wii/libwiiuse.a(io_wii.o) (parse_event)
/opt/devkitpro/libogc/lib/wii/libwiiuse.a(guitar_hero_3.o)
                              /opt/devkitpro/libogc/lib/wii/libwiiuse.a(io.o) (guitar_hero_3_handshake)
/opt/devkitpro/libogc/lib/wii/libbte.a(bte.o)
                              /opt/devkitpro/libogc/lib/wii/libwiiuse.a(wpad.o) (BTE_Init)
/opt/devkitpro/libogc/lib/wii/libbte.a(hci.o)
                              /opt/devkitpro/libogc/lib/wii/libbte.a(bte.o) (hci_init)
/opt/devkitpro/libogc/lib/wii/libbte.a(l2cap.o)
                              /opt/devkitpro/libogc/lib/wii/libbte.a(bte.o) (l2cap_init)
/opt/devkitpro/libogc/lib/wii/libbte.a(btmemb.o)
                              /opt/devkitpro/libogc/lib/wii/libbte.a(bte.o) (btmemb_init)
/opt/devkitpro/libogc/lib/wii/libbte.a(btmemr.o)
                              /opt/devkitpro/libogc/lib/wii/libbte.a(hci.o) (btmemr_init)
/opt/devkitpro/libogc/lib/wii/libbte.a(btpbuf.o)
                              /opt/devkitpro/libogc/lib/wii/libbte.a(hci.o) (btpbuf_init)
/opt/devkitpro/libogc/lib/wii/libbte.a(physbusif.o)
                              /opt/devkitpro/libogc/lib/wii/libbte.a(bte.o) (physbusif_init)
/opt/devkitpro/libogc/lib/wii/libogc.a(console.o)
                              template.o (CON_Init)
/opt/devkitpro/libogc/lib/wii/libogc.a(lwp_queue.o)
                              /opt/devkitpro/libogc/lib/wii/libwiiuse.a(io_wii.o) (__lwp_queue_initialize)
/opt/devkitpro/libogc/lib/wii/libogc.a(lwp_threads.o)
                              /opt/devkitpro/libogc/lib/wii/libwiiuse.a(wpad.o) (_thread_dispatch_disable_level)
/opt/devkitpro/libogc/lib/wii/libogc.a(lwp.o)
                              /opt/devkitpro/libogc/lib/wii/libbte.a(bte.o) (LWP_InitQueue)
/opt/devkitpro/libogc/lib/wii/libogc.a(lwp_handler.o)
                              /opt/devkitpro/libogc/lib/wii/libogc.a(lwp_threads.o) (_cpu_context_save_fp)
/opt/devkitpro/libogc/lib/wii/libogc.a(lwp_stack.o)
                              /opt/devkitpro/libogc/lib/wii/libogc.a(lwp_threads.o) (__lwp_stack_allocate)
/opt/devkitpro/libogc/lib/wii/libogc.a(lwp_watchdog.o)
                              /opt/devkitpro/libogc/lib/wii/libogc.a(lwp_threads.o) (_wd_ticks_queue)
/opt/devkitpro/libogc/lib/wii/libogc.a(lwp_wkspace.o)
                              /opt/devkitpro/libogc/lib/wii/libwiiuse.a(motion_plus.o) (__wkspace_heap)
/opt/devkitpro/libogc/lib/wii/libogc.a(lwp_objmgr.o)
                              /opt/devkitpro/libogc/lib/wii/libogc.a(lwp.o) (__lwp_objmgr_initinfo)
/opt/devkitpro/libogc/lib/wii/libogc.a(lwp_heap.o)
                              /opt/devkitpro/libogc/lib/wii/libogc.a(lwp_wkspace.o) (__lwp_heap_init)
/opt/devkitpro/libogc/lib/wii/libogc.a(sys_state.o)
                              /opt/devkitpro/libogc/lib/wii/libogc.a(lwp_threads.o) (_sys_state_curr)
/opt/devkitpro/libogc/lib/wii/libogc.a(irq.o)
                              /opt/devkitpro/libogc/lib/wii/libwiiuse.a(io_wii.o) (IRQ_Disable)
/opt/devkitpro/libogc/lib/wii/libogc.a(video.o)
                              /opt/devkitpro/libogc/lib/wii/libogc.a(console.o) (VIDEO_GetCurrentFramebuffer)
/opt/devkitpro/libogc/lib/wii/libogc.a(system.o)
[...]
Memory Configuration

Name             Origin             Length             Attributes
*default*        0x00000000         0xffffffff

Linker script and memory map

                0x00003400                        . = 0x3400

.stub
 *(.stub)
                0x80004000                        . = 0x80004000

.init           0x80004000      0x194
 *crt0.o(*.init)
 .init          0x80004000      0x170 /opt/devkitpro/libogc/lib/wii/libogc.a(ogc_crt0.o)
                0x80004000                _start
                0x80004140                _memset
 *(.init)
 .init          0x80004170        0xc /opt/devkitpro/devkitPPC/bin/../lib/gcc/powerpc-eabi/13.1.0/ecrti.o
                0x80004170                __init
 .init          0x8000417c        0x4 /opt/devkitpro/devkitPPC/bin/../lib/gcc/powerpc-eabi/13.1.0/crtbegin.o
 .init          0x80004180        0x4 /opt/devkitpro/devkitPPC/bin/../lib/gcc/powerpc-eabi/13.1.0/crtend.o
 .init          0x80004184       0x10 /opt/devkitpro/devkitPPC/bin/../lib/gcc/powerpc-eabi/13.1.0/ecrtn.o

.rela.dyn       0x80004194        0x0
 .rela.iplt     0x80004194        0x0 /opt/devkitpro/devkitPPC/bin/../lib/gcc/powerpc-eabi/13.1.0/crtbegin.o

.plt
 *(.plt)

.interp
 *(.interp)

.hash
 *(.hash)

.dynsym
 *(.dynsym)

.dynstr
 *(.dynstr)

.gnu.version
 *(.gnu.version)

.gnu.version_d
 *(.gnu.version_d)

.gnu.version_r
 *(.gnu.version_r)

.rel.init
 *(.rel.init)

.rela.init
 *(.rela.init)

.rel.text
 *(.rel.text .rel.text.* .rel.gnu.linkonce.t.*)

.rela.text      0x80004194        0x0
 *(.rela.text .rela.text.* .rela.gnu.linkonce.t.*)
 .rela.text.__do_global_dtors_aux
                0x80004194        0x0 /opt/devkitpro/devkitPPC/bin/../lib/gcc/powerpc-eabi/13.1.0/crtbegin.o
 .rela.text.frame_dummy
                0x80004194        0x0 /opt/devkitpro/devkitPPC/bin/../lib/gcc/powerpc-eabi/13.1.0/crtbegin.o
 .rela.text.unlikely.abort
                0x80004194        0x0 /opt/devkitpro/devkitPPC/bin/../lib/gcc/powerpc-eabi/13.1.0/crtbegin.o
 .rela.text.__assert_func
                0x80004194        0x0 /opt/devkitpro/devkitPPC/bin/../lib/gcc/powerpc-eabi/13.1.0/crtbegin.o

.rel.fini
 *(.rel.fini)

.rela.fini
 *(.rela.fini)

.rel.rodata
 *(.rel.rodata .rel.rodata.* .rel.gnu.linkonce.r.*)

.rela.rodata
 *(.rela.rodata .rela.rodata.* .rela.gnu.linkonce.r.*)

.rel.data
 *(.rel.data .rel.data.* .rel.gnu.linkonce.d.*)

.rela.data
 *(.rela.data .rela.data.* .rela.gnu.linkonce.d.*)

.rel.tdata
 *(.rel.tdata .rel.tdata.* .rel.gnu.linkonce.td.*)

.rela.tdata
 *(.rela.tdata .rela.tdata.* .rela.gnu.linkonce.td.*)

.rel.tbss
 *(.rel.tbss .rel.tbss.* .rel.gnu.linkonce.tb.*)

.rela.tbss
 *(.rela.tbss .rela.tbss.* .rela.gnu.linkonce.tb.*)

.rel.ctors
 *(.rel.ctors)

.rela.ctors
 *(.rela.ctors)

.rel.dtors
 *(.rel.dtors)

.rela.dtors
 *(.rela.dtors)

.rel.got
 *(.rel.got)

.rela.got
 *(.rela.got)

.rela.got1
 *(.rela.got1)

.rela.got2
 *(.rela.got2)

.rel.sdata
 *(.rel.sdata .rel.sdata.* .rel.gnu.linkonce.s.*)

.rela.sdata
 *(.rela.sdata .rela.sdata.* .rela.gnu.linkonce.s.*)

.rel.sbss
 *(.rel.sbss .rel.sbss.* .rel.gnu.linkonce.sb.*)

.rela.sbss
 *(.rela.sbss .rela.sbss.* .rel.gnu.linkonce.sb.*)

.rel.sdata2
 *(.rel.sdata2 .rel.sdata2.* .rel.gnu.linkonce.s2.*)

.rela.sdata2
 *(.rela.sdata2 .rela.sdata2.* .rela.gnu.linkonce.s2.*)

.rel.sbss2
 *(.rel.sbss2 .rel.sbss2.* .rel.gnu.linkonce.sb2.*)

.rela.sbss2
 *(.rela.sbss2 .rela.sbss2.* .rela.gnu.linkonce.sb2.*)

.rel.bss
 *(.rel.bss .rel.bss.* .rel.gnu.linkonce.b.*)

.rela.bss
 *(.rela.bss .rela.bss.* .rela.gnu.linkonce.b.*)

.rel.plt
 *(.rel.plt)

.rela.plt
 *(.rela.plt)

.text           0x800041a0    0x37f00
 *(.text)
 .text          0x800041a0      0x44c /opt/devkitpro/libogc/lib/wii/libogc.a(lwp_handler.o)
                0x800041a0                _cpu_context_save_fp
                0x800042e0                _cpu_context_restore_fp
                0x80004420                _cpu_context_switch
                0x80004500                _cpu_context_save
                0x80004580                _cpu_context_restore
 .text          0x800045ec      0x4a0 /opt/devkitpro/libogc/lib/wii/libogc.a(system_asm.o)
                0x800045ec                __realmode
                0x80004604                __configBATS
                0x80004734                __InitFPRS
                0x80004860                __InitPS
                0x800048bc                __InitCache
                0x80004914                __InitSystem
                0x8000499c                __flush_cache
                0x800049d0                __reset
                0x80004a40                __InitBATS
                0x80004a5c                SYS_SwitchFiber
 .text          0x80004a8c      0x1ac /opt/devkitpro/libogc/lib/wii/libogc.a(irq_handler.o)
                0x80004a8c                irq_exceptionhandler
 .text          0x80004c38      0x4f4 /opt/devkitpro/libogc/lib/wii/libogc.a(cache_asm.o)
                0x80004c38                DCFlashInvalidate
                0x80004c4c                DCEnable
                0x80004c60                DCDisable
                0x80004c74                DCFreeze
                0x80004c88                DCUnfreeze
                0x80004c9c                DCTouchLoad
                0x80004ca4                DCBlockZero
                0x80004cac                DCBlockStore
                0x80004cb4                DCBlockFlush
                0x80004cbc                DCBlockInvalidate
                0x80004cc4                DCInvalidateRange
                0x80004cf4                DCFlushRange
                0x80004d28                DCStoreRange
                0x80004d5c                DCFlushRangeNoSync
                0x80004d8c                DCStoreRangeNoSync
                0x80004dbc                DCZeroRange
                0x80004dec                DCTouchRange
                0x80004e1c                ICInvalidateRange
                0x80004e54                ICFlashInvalidate
                0x80004e68                ICEnable
                0x80004e7c                ICDisable
                0x80004e90                ICFreeze
                0x80004ea4                ICUnfreeze
                0x80004eb8                ICBlockInvalidate
                0x80004ec0                ICSync
                0x80004ec8                L2Init
                0x80004f10                L2Enable
                0x80004f2c                L2Disable
                0x80004f44                L2GlobalInvalidate
                0x80004f9c                __LCEnable
                0x80005068                LCDisable
                0x80005090                LCAllocOneTag
                0x800050a4                LCAllocTags
                0x800050e4                LCLoadBlocks
                0x80005108                LCStoreBlocks
 .text          0x8000512c      0x1ac /opt/devkitpro/libogc/lib/wii/libogc.a(decrementer_handler.o)
                0x8000512c                dec_exceptionhandler
 .text          0x800052d8      0x35c /opt/devkitpro/libogc/lib/wii/libogc.a(exception_handler.o)
                0x800052d8                exceptionhandler_start
                0x80005354                exceptionhandler_patch
                0x80005388                exceptionhandler_end
                0x8000538c                default_exceptionhandler
                0x800054bc                fpu_exceptionhandler
                0x80005604                systemcallhandler_start
                0x80005630                systemcallhandler_end
 .text          0x80005634       0x48 /opt/devkitpro/devkitPPC/bin/../lib/gcc/powerpc-eabi/13.1.0/libgcc.a(eabi.o)
                0x80005634                __eabi
 .text          0x8000567c       0x58 /opt/devkitpro/devkitPPC/bin/../lib/gcc/powerpc-eabi/13.1.0/libgcc.a(crtresxfpr.o)
                0x8000567c                _restfpr_14_x
                0x80005680                _restfpr_15_x
                0x80005684                _restfpr_16_x
                0x80005688                _restfpr_17_x
                0x8000568c                _restfpr_18_x
                0x80005690                _restfpr_19_x
                0x80005694                _restfpr_20_x
                0x80005698                _restfpr_21_x
                0x8000569c                _restfpr_22_x
                0x800056a0                _restfpr_23_x
                0x800056a4                _restfpr_24_x
                0x800056a8                _restfpr_25_x
                0x800056ac                _restfpr_26_x
                0x800056b0                _restfpr_27_x
                0x800056b4                _restfpr_28_x
                0x800056b8                _restfpr_29_x
                0x800056bc                _restfpr_30_x
                0x800056c0                _restfpr_31_x
 .text          0x800056d4       0x58 /opt/devkitpro/devkitPPC/bin/../lib/gcc/powerpc-eabi/13.1.0/libgcc.a(crtresxgpr.o)
                0x800056d4                _restgpr_14_x
                0x800056d8                _restgpr_15_x
                0x800056dc                _restgpr_16_x
                0x800056e0                _restgpr_17_x
                0x800056e4                _restgpr_18_x
                0x800056e8                _restgpr_19_x
                0x800056ec                _restgpr_20_x
                0x800056f0                _restgpr_21_x
                0x800056f4                _restgpr_22_x
                0x800056f8                _restgpr_23_x
                0x800056fc                _restgpr_24_x
                0x80005700                _restgpr_25_x
                0x80005704                _restgpr_26_x
                0x80005708                _restgpr_27_x
                0x8000570c                _restgpr_28_x
                0x80005710                _restgpr_29_x
                0x80005714                _restgpr_30_x
                0x80005718                _restgpr_31_x
 *(.text.*)
 .text.__do_global_dtors_aux
                0x8000572c       0xcc /opt/devkitpro/devkitPPC/bin/../lib/gcc/powerpc-eabi/13.1.0/crtbegin.o
 .text.frame_dummy
                0x800057f8       0x24 /opt/devkitpro/devkitPPC/bin/../lib/gcc/powerpc-eabi/13.1.0/crtbegin.o
 .text.__crtmain
                0x8000581c       0x44 /opt/devkitpro/devkitPPC/bin/../lib/gcc/powerpc-eabi/13.1.0/../../../../powerpc-eabi/lib/crtmain.o
                0x80005820                __crtmain
 .text.startup.main
                0x80005860       0xd4 template.o
                0x80005860                main
 .text.__wpad_assign_slot
                0x80005934      0x254 /opt/devkitpro/libogc/lib/wii/libwiiuse.a(wpad.o)
                0x80005934                __wpad_assign_slot
 .text.__wpad_def_powcb
                0x80005b88        0x4 /opt/devkitpro/libogc/lib/wii/libwiiuse.a(wpad.o)
 .text.__readlinkkey_finished
                0x80005b8c       0x34 /opt/devkitpro/libogc/lib/wii/libwiiuse.a(wpad.o)
 .text.__wpad_patch_finished
                0x80005bc0       0x2c /opt/devkitpro/libogc/lib/wii/libwiiuse.a(wpad.o)
 .text.__wpad_setfmt
                0x80005bec      0x14c /opt/devkitpro/libogc/lib/wii/libwiiuse.a(wpad.o)
 .text.__wpad_eventCB
                0x80005d38      0xad4 /opt/devkitpro/libogc/lib/wii/libwiiuse.a(wpad.o)
 .text.__wpad_disconnectCB
                0x8000680c       0xd4 /opt/devkitpro/libogc/lib/wii/libwiiuse.a(wpad.o)
                0x8000680c                __wpad_disconnectCB
 .text.__wpad_timeouthandler
                0x800068e0       0xa8 /opt/devkitpro/libogc/lib/wii/libwiiuse.a(wpad.o)
 .text.__initcore_finished
                0x80006988       0x48 /opt/devkitpro/libogc/lib/wii/libwiiuse.a(wpad.o)
 .text.__wpad_init_finished
                0x800069d0      0x194 /opt/devkitpro/libogc/lib/wii/libwiiuse.a(wpad.o)
 .text.WPAD_ReadEvent
                0x80006b64      0x68c /opt/devkitpro/libogc/lib/wii/libwiiuse.a(wpad.o)
                0x80006b64                WPAD_ReadEvent
 .text.WPAD_ReadPending
                0x800071f0      0x1a0 /opt/devkitpro/libogc/lib/wii/libwiiuse.a(wpad.o)
                0x800071f0                WPAD_ReadPending
 .text.WPAD_Shutdown
                0x80007390      0x114 /opt/devkitpro/libogc/lib/wii/libwiiuse.a(wpad.o)
                0x80007390                WPAD_Shutdown
 .text.WPAD_Init
                0x800074a4      0x2c4 /opt/devkitpro/libogc/lib/wii/libwiiuse.a(wpad.o)
                0x800074a4                WPAD_Init
 .text.__wpad_onreset
                0x80007768       0x34 /opt/devkitpro/libogc/lib/wii/libwiiuse.a(wpad.o)
 .text.WPAD_ScanPads
                0x8000779c       0x90 /opt/devkitpro/libogc/lib/wii/libwiiuse.a(wpad.o)
                0x8000779c                WPAD_ScanPads
 .text.WPAD_ButtonsDown
                0x8000782c       0x28 /opt/devkitpro/libogc/lib/wii/libwiiuse.a(wpad.o)
                0x8000782c                WPAD_ButtonsDown
 .text.motion_plus_disconnected
                0x80007854       0x10 /opt/devkitpro/libogc/lib/wii/libwiiuse.a(motion_plus.o)
                0x80007854                motion_plus_disconnected
 .text.motion_plus_event
                0x80007864       0x64 /opt/devkitpro/libogc/lib/wii/libwiiuse.a(motion_plus.o)
                0x80007864                motion_plus_event
 .text.calculate_gforce
                0x800078c8      0x114 /opt/devkitpro/libogc/lib/wii/libwiiuse.a(dynamics.o)
                0x800078c8                calculate_gforce
 .text.calc_joystick_state
                0x800079dc      0x210 /opt/devkitpro/libogc/lib/wii/libwiiuse.a(dynamics.o)
                0x800079dc                calc_joystick_state
 .text.apply_smoothing
                0x80007bec      0x140 /opt/devkitpro/libogc/lib/wii/libwiiuse.a(dynamics.o)
                0x80007bec                apply_smoothing
 .text.calculate_orientation
                0x80007d2c      0x340 /opt/devkitpro/libogc/lib/wii/libwiiuse.a(dynamics.o)
                0x80007d2c                calculate_orientation
 .text.calc_balanceboard_state
                0x8000806c      0x3a4 /opt/devkitpro/libogc/lib/wii/libwiiuse.a(dynamics.o)
                0x8000806c                calc_balanceboard_state
 .text.wiiuse_handshake
                0x80008410      0x27c /opt/devkitpro/libogc/lib/wii/libwiiuse.a(io.o)
                0x80008410                wiiuse_handshake
 .text.wiiuse_handshake_expansion
                0x8000868c      0x1f0 /opt/devkitpro/libogc/lib/wii/libwiiuse.a(io.o)
                0x8000868c                wiiuse_handshake_expansion
 .text.wiiuse_handshake_expansion_start
                0x8000887c       0x5c /opt/devkitpro/libogc/lib/wii/libwiiuse.a(io.o)
                0x8000887c                wiiuse_handshake_expansion_start
 .text.wiiuse_disable_expansion
                0x800088d8      0x1b0 /opt/devkitpro/libogc/lib/wii/libwiiuse.a(io.o)
                0x800088d8                wiiuse_disable_expansion
 .text.__wiiuse_connected
                0x80008a88       0x9c /opt/devkitpro/libogc/lib/wii/libwiiuse.a(io_wii.o)
 .text.__wiiuse_disconnected
                0x80008b24       0xb4 /opt/devkitpro/libogc/lib/wii/libwiiuse.a(io_wii.o)
 .text.__wiiuse_receive
                0x80008bd8       0xd0 /opt/devkitpro/libogc/lib/wii/libwiiuse.a(io_wii.o)
 .text.__wiiuse_sensorbar_enable
                0x80008ca8       0x54 /opt/devkitpro/libogc/lib/wii/libwiiuse.a(io_wii.o)
                0x80008ca8                __wiiuse_sensorbar_enable
 .text.wiiuse_register
                0x80008cfc       0xf0 /opt/devkitpro/libogc/lib/wii/libwiiuse.a(io_wii.o)
                0x80008cfc                wiiuse_register
 .text.wiiuse_disconnect
                0x80008dec       0x24 /opt/devkitpro/libogc/lib/wii/libwiiuse.a(io_wii.o)
                0x80008dec                wiiuse_disconnect
 .text.wiiuse_init_cmd_queue
                0x80008e10       0x9c /opt/devkitpro/libogc/lib/wii/libwiiuse.a(io_wii.o)
                0x80008e10                wiiuse_init_cmd_queue
 .text.wiiuse_io_write
                0x80008eac       0x1c /opt/devkitpro/libogc/lib/wii/libwiiuse.a(io_wii.o)
                0x80008eac                wiiuse_io_write
 .text.rotate_dots
                0x80008ec8      0x13c /opt/devkitpro/libogc/lib/wii/libwiiuse.a(ir.o)
 .text.get_ir_sens.constprop.0.isra.0
                0x80009004       0xdc /opt/devkitpro/libogc/lib/wii/libwiiuse.a(ir.o)
 .text.wiiuse_set_ir_mode
                0x800090e0       0x5c /opt/devkitpro/libogc/lib/wii/libwiiuse.a(ir.o)
                0x800090e0                wiiuse_set_ir_mode
 .text.wiiuse_set_ir
                0x8000913c      0x204 /opt/devkitpro/libogc/lib/wii/libwiiuse.a(ir.o)
                0x8000913c                wiiuse_set_ir
 .text.wiiuse_set_ir_position
                0x80009340       0x80 /opt/devkitpro/libogc/lib/wii/libwiiuse.a(ir.o)
                0x80009340                wiiuse_set_ir_position
 .text.wiiuse_set_aspect_ratio
                0x800093c0       0xac /opt/devkitpro/libogc/lib/wii/libwiiuse.a(ir.o)
                0x800093c0                wiiuse_set_aspect_ratio
 .text.wiiuse_set_ir_sensitivity
                0x8000946c       0xe4 /opt/devkitpro/libogc/lib/wii/libwiiuse.a(ir.o)
                0x8000946c                wiiuse_set_ir_sensitivity
 .text.calculate_basic_ir
                0x80009550       0xe8 /opt/devkitpro/libogc/lib/wii/libwiiuse.a(ir.o)
                0x80009550                calculate_basic_ir
 .text.calculate_extended_ir
                0x80009638       0x64 /opt/devkitpro/libogc/lib/wii/libwiiuse.a(ir.o)
                0x80009638                calculate_extended_ir
 .text.find_sensorbar
                0x8000969c      0xa00 /opt/devkitpro/libogc/lib/wii/libwiiuse.a(ir.o)
                0x8000969c                find_sensorbar
 .text.apply_ir_smoothing
                0x8000a09c      0x124 /opt/devkitpro/libogc/lib/wii/libwiiuse.a(ir.o)
                0x8000a09c                apply_ir_smoothing
 .text.interpret_ir_data
                0x8000a1c0      0x3c8 /opt/devkitpro/libogc/lib/wii/libwiiuse.a(ir.o)
                0x8000a1c0                interpret_ir_data
 .text.nunchuk_handshake
                0x8000a588      0x31c /opt/devkitpro/libogc/lib/wii/libwiiuse.a(nunchuk.o)
                0x8000a588                nunchuk_handshake
 .text.nunchuk_disconnected
                0x8000a8a4        0xc /opt/devkitpro/libogc/lib/wii/libwiiuse.a(nunchuk.o)
                0x8000a8a4                nunchuk_disconnected
 .text.nunchuk_event
                0x8000a8b0       0xe8 /opt/devkitpro/libogc/lib/wii/libwiiuse.a(nunchuk.o)
                0x8000a8b0                nunchuk_event
 .text.wii_board_handshake
                0x8000a998      0x284 /opt/devkitpro/libogc/lib/wii/libwiiuse.a(wiiboard.o)
                0x8000a998                wii_board_handshake
 .text.wii_board_disconnected
                0x8000ac1c        0xc /opt/devkitpro/libogc/lib/wii/libwiiuse.a(wiiboard.o)
                0x8000ac1c                wii_board_disconnected
 .text.wii_board_event
                0x8000ac28       0x24 /opt/devkitpro/libogc/lib/wii/libwiiuse.a(wiiboard.o)
                0x8000ac28                wii_board_event
 .text.wiiuse_send_next_command
                0x8000ac4c       0x58 /opt/devkitpro/libogc/lib/wii/libwiiuse.a(wiiuse.o)
                0x8000ac4c                wiiuse_send_next_command
 .text.wiiuse_init
                0x8000aca4      0x208 /opt/devkitpro/libogc/lib/wii/libwiiuse.a(wiiuse.o)
                0x8000aca4                wiiuse_init
 .text.wiiuse_set_flags
                0x8000aeac       0x28 /opt/devkitpro/libogc/lib/wii/libwiiuse.a(wiiuse.o)
                0x8000aeac                wiiuse_set_flags
 .text.wiiuse_read_data
                0x8000aed4      0x154 /opt/devkitpro/libogc/lib/wii/libwiiuse.a(wiiuse.o)
                0x8000aed4                wiiuse_read_data
 .text.wiiuse_write_data
                0x8000b028      0x18c /opt/devkitpro/libogc/lib/wii/libwiiuse.a(wiiuse.o)
                0x8000b028                wiiuse_write_data
 .text.wiiuse_sendcmd
                0x8000b1b4      0x144 /opt/devkitpro/libogc/lib/wii/libwiiuse.a(wiiuse.o)
                0x8000b1b4                wiiuse_sendcmd
 .text.wiiuse_set_leds
                0x8000b2f8       0x50 /opt/devkitpro/libogc/lib/wii/libwiiuse.a(wiiuse.o)
                0x8000b2f8                wiiuse_set_leds
 .text.wiiuse_set_report_type
                0x8000b348       0xb0 /opt/devkitpro/libogc/lib/wii/libwiiuse.a(wiiuse.o)
                0x8000b348                wiiuse_set_report_type
 .text.wiiuse_status
                0x8000b3f8       0x4c /opt/devkitpro/libogc/lib/wii/libwiiuse.a(wiiuse.o)
                0x8000b3f8                wiiuse_status
 .text.wiiuse_motion_sensing
                0x8000b444       0x84 /opt/devkitpro/libogc/lib/wii/libwiiuse.a(wiiuse.o)
                0x8000b444                wiiuse_motion_sensing
 .text.wiiuse_set_speaker
                0x8000b4c8      0x24c /opt/devkitpro/libogc/lib/wii/libwiiuse.a(speaker.o)
                0x8000b4c8                wiiuse_set_speaker
 .text.classic_ctrl_handshake
                0x8000b714      0x410 /opt/devkitpro/libogc/lib/wii/libwiiuse.a(classic.o)
                0x8000b714                classic_ctrl_handshake
 .text.classic_ctrl_disconnected
                0x8000bb24        0xc /opt/devkitpro/libogc/lib/wii/libwiiuse.a(classic.o)
                0x8000bb24                classic_ctrl_disconnected
 .text.classic_ctrl_event
                0x8000bb30      0x15c /opt/devkitpro/libogc/lib/wii/libwiiuse.a(classic.o)
                0x8000bb30                classic_ctrl_event
 .text.handle_expansion
                0x8000bc8c       0x54 /opt/devkitpro/libogc/lib/wii/libwiiuse.a(events.o)
 .text.parse_event
                0x8000bce0      0x730 /opt/devkitpro/libogc/lib/wii/libwiiuse.a(events.o)
                0x8000bce0                parse_event
 .text.guitar_hero_3_handshake
                0x8000c410       0x5c /opt/devkitpro/libogc/lib/wii/libwiiuse.a(guitar_hero_3.o)
                0x8000c410                guitar_hero_3_handshake
 .text.guitar_hero_3_disconnected
                0x8000c46c        0xc /opt/devkitpro/libogc/lib/wii/libwiiuse.a(guitar_hero_3.o)
                0x8000c46c                guitar_hero_3_disconnected
 .text.guitar_hero_3_event
                0x8000c478       0x60 /opt/devkitpro/libogc/lib/wii/libwiiuse.a(guitar_hero_3.o)
                0x8000c478                guitar_hero_3_event
 .text.acl_wlp_completed
                0x8000c4d8        0x8 /opt/devkitpro/libogc/lib/wii/libbte.a(bte.o)
                0x8000c4d8                acl_wlp_completed
 .text.bt_alarmhandler
                0x8000c4e0       0x58 /opt/devkitpro/libogc/lib/wii/libbte.a(bte.o)
 .text.__bte_send_pending_request
                0x8000c538      0x108 /opt/devkitpro/libogc/lib/wii/libbte.a(bte.o)
 .text.acl_conn_complete
                0x8000c640       0x2c /opt/devkitpro/libogc/lib/wii/libbte.a(bte.o)
                0x8000c640                acl_conn_complete
 .text.l2cap_accepted
                0x8000c66c      0x134 /opt/devkitpro/libogc/lib/wii/libbte.a(bte.o)
                0x8000c66c                l2cap_accepted
 .text.l2cap_disconnect_cfm
                0x8000c7a0      0x19c /opt/devkitpro/libogc/lib/wii/libbte.a(bte.o)
                0x8000c7a0                l2cap_disconnect_cfm
 .text.bte_process_input
                0x8000c93c      0x128 /opt/devkitpro/libogc/lib/wii/libbte.a(bte.o)
 .text.l2cap_disconnected_ind
                0x8000ca64      0x1a4 /opt/devkitpro/libogc/lib/wii/libbte.a(bte.o)
                0x8000ca64                l2cap_disconnected_ind
 .text.__bte_shutdown_finished
                0x8000cc08       0xe0 /opt/devkitpro/libogc/lib/wii/libbte.a(bte.o)
 .text.bte_hci_apply_patch_complete
                0x8000cce8      0x164 /opt/devkitpro/libogc/lib/wii/libbte.a(bte.o)
                0x8000cce8                bte_hci_apply_patch_complete
 .text.bte_hci_patch_complete
                0x8000ce4c      0x380 /opt/devkitpro/libogc/lib/wii/libbte.a(bte.o)
                0x8000ce4c                bte_hci_patch_complete
 .text.bte_hci_initcore_complete
                0x8000d1cc      0x280 /opt/devkitpro/libogc/lib/wii/libbte.a(bte.o)
                0x8000d1cc                bte_hci_initcore_complete
 .text.bte_read_stored_link_key_complete
                0x8000d44c      0x27c /opt/devkitpro/libogc/lib/wii/libbte.a(bte.o)
                0x8000d44c                bte_read_stored_link_key_complete
 .text.bte_hci_initcore_complete2
                0x8000d6c8      0x22c /opt/devkitpro/libogc/lib/wii/libbte.a(bte.o)
 .text.bte_hci_initsub_complete
                0x8000d8f4      0x280 /opt/devkitpro/libogc/lib/wii/libbte.a(bte.o)
                0x8000d8f4                bte_hci_initsub_complete
 .text.BTE_Init
                0x8000db74      0x138 /opt/devkitpro/libogc/lib/wii/libbte.a(bte.o)
                0x8000db74                BTE_Init
 .text.BTE_Shutdown
                0x8000dcac      0x100 /opt/devkitpro/libogc/lib/wii/libbte.a(bte.o)
                0x8000dcac                BTE_Shutdown
 .text.BTE_InitCore
                0x8000ddac       0x8c /opt/devkitpro/libogc/lib/wii/libbte.a(bte.o)
                0x8000ddac                BTE_InitCore
 .text.BTE_ApplyPatch
                0x8000de38       0xa4 /opt/devkitpro/libogc/lib/wii/libbte.a(bte.o)
                0x8000de38                BTE_ApplyPatch
 .text.BTE_InitSub
                0x8000dedc       0x90 /opt/devkitpro/libogc/lib/wii/libbte.a(bte.o)
                0x8000dedc                BTE_InitSub
 .text.BTE_ReadStoredLinkKey
                0x8000df6c       0x90 /opt/devkitpro/libogc/lib/wii/libbte.a(bte.o)
                0x8000df6c                BTE_ReadStoredLinkKey
 .text.BTE_SetDisconnectCallback
                0x8000dffc        0x4 /opt/devkitpro/libogc/lib/wii/libbte.a(bte.o)
                0x8000dffc                BTE_SetDisconnectCallback
 .text.bte_new  0x8000e000       0x54 /opt/devkitpro/libogc/lib/wii/libbte.a(bte.o)
                0x8000e000                bte_new
 .text.bte_registerdeviceasync
                0x8000e054      0x158 /opt/devkitpro/libogc/lib/wii/libbte.a(bte.o)
                0x8000e054                bte_registerdeviceasync
 .text.bte_disconnect
                0x8000e1ac       0xd8 /opt/devkitpro/libogc/lib/wii/libbte.a(bte.o)
                0x8000e1ac                bte_disconnect
 .text.bte_senddata
                0x8000e284      0x104 /opt/devkitpro/libogc/lib/wii/libbte.a(bte.o)
                0x8000e284                bte_senddata
 .text.bte_arg  0x8000e388       0x38 /opt/devkitpro/libogc/lib/wii/libbte.a(bte.o)
                0x8000e388                bte_arg
 .text.bte_received
                0x8000e3c0       0x38 /opt/devkitpro/libogc/lib/wii/libbte.a(bte.o)
                0x8000e3c0                bte_received
 .text.bte_disconnected
                0x8000e3f8       0x38 /opt/devkitpro/libogc/lib/wii/libbte.a(bte.o)
                0x8000e3f8                bte_disconnected
 .text.hci_get_link
                0x8000e430       0x84 /opt/devkitpro/libogc/lib/wii/libbte.a(hci.o)
 .text.hci_init
                0x8000e4b4       0x80 /opt/devkitpro/libogc/lib/wii/libbte.a(hci.o)
                0x8000e4b4                hci_init
 .text.hci_close
                0x8000e534       0xd0 /opt/devkitpro/libogc/lib/wii/libbte.a(hci.o)
                0x8000e534                hci_close
 .text.hci_reset_all
                0x8000e604       0xb8 /opt/devkitpro/libogc/lib/wii/libbte.a(hci.o)
                0x8000e604                hci_reset_all
 .text.hci_arg  0x8000e6bc        0xc /opt/devkitpro/libogc/lib/wii/libbte.a(hci.o)
                0x8000e6bc                hci_arg
 .text.hci_cmd_complete
                0x8000e6c8        0xc /opt/devkitpro/libogc/lib/wii/libbte.a(hci.o)
                0x8000e6c8                hci_cmd_complete
 .text.hci_connection_complete
                0x8000e6d4        0xc /opt/devkitpro/libogc/lib/wii/libbte.a(hci.o)
                0x8000e6d4                hci_connection_complete
 .text.hci_wlp_complete
                0x8000e6e0        0xc /opt/devkitpro/libogc/lib/wii/libbte.a(hci.o)
                0x8000e6e0                hci_wlp_complete
 .text.hci_reset
                0x8000e6ec       0xac /opt/devkitpro/libogc/lib/wii/libbte.a(hci.o)
                0x8000e6ec                hci_reset
 .text.hci_read_buffer_size
                0x8000e798       0xac /opt/devkitpro/libogc/lib/wii/libbte.a(hci.o)
                0x8000e798                hci_read_buffer_size
 .text.hci_read_bd_addr
                0x8000e844       0xac /opt/devkitpro/libogc/lib/wii/libbte.a(hci.o)
                0x8000e844                hci_read_bd_addr
 .text.hci_read_local_version
                0x8000e8f0       0xa8 /opt/devkitpro/libogc/lib/wii/libbte.a(hci.o)
                0x8000e8f0                hci_read_local_version
 .text.hci_read_local_features
                0x8000e998       0xac /opt/devkitpro/libogc/lib/wii/libbte.a(hci.o)
                0x8000e998                hci_read_local_features
 .text.hci_read_stored_link_key
                0x8000ea44      0x100 /opt/devkitpro/libogc/lib/wii/libbte.a(hci.o)
                0x8000ea44                hci_read_stored_link_key
 .text.hci_write_page_timeout
                0x8000eb44       0xd0 /opt/devkitpro/libogc/lib/wii/libbte.a(hci.o)
                0x8000eb44                hci_write_page_timeout
 .text.hci_write_scan_enable
                0x8000ec14       0xbc /opt/devkitpro/libogc/lib/wii/libbte.a(hci.o)
                0x8000ec14                hci_write_scan_enable
 .text.hci_accecpt_conn_request
                0x8000ecd0       0xe0 /opt/devkitpro/libogc/lib/wii/libbte.a(hci.o)
                0x8000ecd0                hci_accecpt_conn_request
 .text.hci_write_local_name
                0x8000edb0       0xd8 /opt/devkitpro/libogc/lib/wii/libbte.a(hci.o)
                0x8000edb0                hci_write_local_name
 .text.hci_write_pin_type
                0x8000ee88       0xbc /opt/devkitpro/libogc/lib/wii/libbte.a(hci.o)
                0x8000ee88                hci_write_pin_type
 .text.hci_write_inquiry_mode
                0x8000ef44       0xbc /opt/devkitpro/libogc/lib/wii/libbte.a(hci.o)
                0x8000ef44                hci_write_inquiry_mode
 .text.hci_write_page_scan_type
                0x8000f000       0xbc /opt/devkitpro/libogc/lib/wii/libbte.a(hci.o)
                0x8000f000                hci_write_page_scan_type
 .text.hci_write_inquiry_scan_type
                0x8000f0bc       0xbc /opt/devkitpro/libogc/lib/wii/libbte.a(hci.o)
                0x8000f0bc                hci_write_inquiry_scan_type
 .text.hci_vendor_specific_command
                0x8000f178       0xe8 /opt/devkitpro/libogc/lib/wii/libbte.a(hci.o)
                0x8000f178                hci_vendor_specific_command
 .text.hci_write_link_policy_settings
                0x8000f260      0x104 /opt/devkitpro/libogc/lib/wii/libbte.a(hci.o)
                0x8000f260                hci_write_link_policy_settings
 .text.hci_pin_code_request_neg_reply
                0x8000f364       0xcc /opt/devkitpro/libogc/lib/wii/libbte.a(hci.o)
                0x8000f364                hci_pin_code_request_neg_reply
 .text.hci_link_key_req_neg_reply
                0x8000f430       0xcc /opt/devkitpro/libogc/lib/wii/libbte.a(hci.o)
                0x8000f430                hci_link_key_req_neg_reply
 .text.hci_disconnect
                0x8000f4fc       0xfc /opt/devkitpro/libogc/lib/wii/libbte.a(hci.o)
                0x8000f4fc                hci_disconnect
 .text.hci_write_cod
                0x8000f5f8       0xcc /opt/devkitpro/libogc/lib/wii/libbte.a(hci.o)
                0x8000f5f8                hci_write_cod
 .text.hci_host_buffer_size
                0x8000f6c4      0x10c /opt/devkitpro/libogc/lib/wii/libbte.a(hci.o)
                0x8000f6c4                hci_host_buffer_size
 .text.hci_host_num_comp_packets
                0x8000f7d0      0x108 /opt/devkitpro/libogc/lib/wii/libbte.a(hci.o)
                0x8000f7d0                hci_host_num_comp_packets
 .text.lp_pdu_maxsize
                0x8000f8d8        0xc /opt/devkitpro/libogc/lib/wii/libbte.a(hci.o)
                0x8000f8d8                lp_pdu_maxsize
 .text.lp_acl_write
                0x8000f8e4      0x158 /opt/devkitpro/libogc/lib/wii/libbte.a(hci.o)
                0x8000f8e4                lp_acl_write
 .text.lp_write_flush_timeout
                0x8000fa3c      0x104 /opt/devkitpro/libogc/lib/wii/libbte.a(hci.o)
                0x8000fa3c                lp_write_flush_timeout
 .text.hci_event_handler
                0x8000fb40      0xc7c /opt/devkitpro/libogc/lib/wii/libbte.a(hci.o)
                0x8000fb40                hci_event_handler
 .text.hci_acldata_handler
                0x800107bc      0x11c /opt/devkitpro/libogc/lib/wii/libbte.a(hci.o)
                0x800107bc                hci_acldata_handler
 .text.l2cap_init
                0x800108d8       0x60 /opt/devkitpro/libogc/lib/wii/libbte.a(l2cap.o)
                0x800108d8                l2cap_init
 .text.l2cap_write
                0x80010938      0x1a0 /opt/devkitpro/libogc/lib/wii/libbte.a(l2cap.o)
                0x80010938                l2cap_write
 .text.l2cap_new
                0x80010ad8       0x60 /opt/devkitpro/libogc/lib/wii/libbte.a(l2cap.o)
                0x80010ad8                l2cap_new
 .text.l2cap_close
                0x80010b38      0x1d4 /opt/devkitpro/libogc/lib/wii/libbte.a(l2cap.o)
                0x80010b38                l2cap_close
 .text.l2cap_reset_all
                0x80010d0c      0x154 /opt/devkitpro/libogc/lib/wii/libbte.a(l2cap.o)
                0x80010d0c                l2cap_reset_all
 .text.l2cap_signal
                0x80010e60      0x204 /opt/devkitpro/libogc/lib/wii/libbte.a(l2cap.o)
                0x80010e60                l2cap_signal
 .text.l2ca_config_req
                0x80011064      0x158 /opt/devkitpro/libogc/lib/wii/libbte.a(l2cap.o)
                0x80011064                l2ca_config_req
 .text.l2ca_disconnect_req
                0x800111bc       0xcc /opt/devkitpro/libogc/lib/wii/libbte.a(l2cap.o)
                0x800111bc                l2ca_disconnect_req
 .text.l2cap_tmr
                0x80011288      0x260 /opt/devkitpro/libogc/lib/wii/libbte.a(l2cap.o)
                0x80011288                l2cap_tmr
 .text.l2cap_process_sig
                0x800114e8     0x1334 /opt/devkitpro/libogc/lib/wii/libbte.a(l2cap.o)
                0x800114e8                l2cap_process_sig
 .text.l2cap_input
                0x8001281c      0x578 /opt/devkitpro/libogc/lib/wii/libbte.a(l2cap.o)
                0x8001281c                l2cap_input
 .text.l2ca_datawrite
                0x80012d94      0x128 /opt/devkitpro/libogc/lib/wii/libbte.a(l2cap.o)
                0x80012d94                l2ca_datawrite
 .text.lp_connect_cfm
                0x80012ebc      0x184 /opt/devkitpro/libogc/lib/wii/libbte.a(l2cap.o)
                0x80012ebc                lp_connect_cfm
 .text.lp_connect_ind
                0x80013040        0x4 /opt/devkitpro/libogc/lib/wii/libbte.a(l2cap.o)
                0x80013040                lp_connect_ind
 .text.lp_disconnect_ind
                0x80013044      0x124 /opt/devkitpro/libogc/lib/wii/libbte.a(l2cap.o)
                0x80013044                lp_disconnect_ind
 .text.l2cap_disconnect_bb
                0x80013168       0x10 /opt/devkitpro/libogc/lib/wii/libbte.a(l2cap.o)
                0x80013168                l2cap_disconnect_bb
 .text.l2cap_arg
                0x80013178        0x8 /opt/devkitpro/libogc/lib/wii/libbte.a(l2cap.o)
                0x80013178                l2cap_arg
 .text.l2cap_connect_ind
                0x80013180      0x104 /opt/devkitpro/libogc/lib/wii/libbte.a(l2cap.o)
                0x80013180                l2cap_connect_ind
 .text.l2cap_disconnect_ind
                0x80013284        0x8 /opt/devkitpro/libogc/lib/wii/libbte.a(l2cap.o)
                0x80013284                l2cap_disconnect_ind
 .text.l2cap_recv
                0x8001328c        0x8 /opt/devkitpro/libogc/lib/wii/libbte.a(l2cap.o)
                0x8001328c                l2cap_recv
 .text.btmemb_init
                0x80013294       0x24 /opt/devkitpro/libogc/lib/wii/libbte.a(btmemb.o)
                0x80013294                btmemb_init
 .text.btmemb_alloc
                0x800132b8       0x98 /opt/devkitpro/libogc/lib/wii/libbte.a(btmemb.o)
                0x800132b8                btmemb_alloc
 .text.btmemb_free
                0x80013350      0x114 /opt/devkitpro/libogc/lib/wii/libbte.a(btmemb.o)
                0x80013350                btmemb_free
 .text.plug_holes
                0x80013464       0xac /opt/devkitpro/libogc/lib/wii/libbte.a(btmemr.o)
 .text.btmemr_init
                0x80013510       0xa4 /opt/devkitpro/libogc/lib/wii/libbte.a(btmemr.o)
                0x80013510                btmemr_init
 .text.btmemr_malloc
                0x800135b4      0x17c /opt/devkitpro/libogc/lib/wii/libbte.a(btmemr.o)
                0x800135b4                btmemr_malloc
 .text.btmemr_free
                0x80013730       0x98 /opt/devkitpro/libogc/lib/wii/libbte.a(btmemr.o)
                0x80013730                btmemr_free
 .text.btmemr_realloc
                0x800137c8      0x108 /opt/devkitpro/libogc/lib/wii/libbte.a(btmemr.o)
                0x800137c8                btmemr_realloc
 .text.btpbuf_init
                0x800138d0       0x28 /opt/devkitpro/libogc/lib/wii/libbte.a(btpbuf.o)
                0x800138d0                btpbuf_init
 .text.btpbuf_free
                0x800138f8      0x11c /opt/devkitpro/libogc/lib/wii/libbte.a(btpbuf.o)
                0x800138f8                btpbuf_free
 .text.btpbuf_alloc
                0x80013a14      0x250 /opt/devkitpro/libogc/lib/wii/libbte.a(btpbuf.o)
                0x80013a14                btpbuf_alloc
 .text.btpbuf_realloc
                0x80013c64      0x110 /opt/devkitpro/libogc/lib/wii/libbte.a(btpbuf.o)
                0x80013c64                btpbuf_realloc
 .text.btpbuf_header
                0x80013d74       0x84 /opt/devkitpro/libogc/lib/wii/libbte.a(btpbuf.o)
                0x80013d74                btpbuf_header
 .text.btpbuf_ref
                0x80013df8       0x48 /opt/devkitpro/libogc/lib/wii/libbte.a(btpbuf.o)
                0x80013df8                btpbuf_ref
 .text.btpbuf_chain
                0x80013e40       0x9c /opt/devkitpro/libogc/lib/wii/libbte.a(btpbuf.o)
                0x80013e40                btpbuf_chain
 .text.btpbuf_dechain
                0x80013edc       0x7c /opt/devkitpro/libogc/lib/wii/libbte.a(btpbuf.o)
                0x80013edc                btpbuf_dechain
 .text.btpbuf_take
                0x80013f58      0x13c /opt/devkitpro/libogc/lib/wii/libbte.a(btpbuf.o)
                0x80013f58                btpbuf_take
 .text.__usb_closeCB
                0x80014094       0x10 /opt/devkitpro/libogc/lib/wii/libbte.a(physbusif.o)
 .text.__writebulkmsgCB
                0x800140a4       0x3c /opt/devkitpro/libogc/lib/wii/libbte.a(physbusif.o)
 .text.__writectrlmsgCB
                0x800140e0       0x3c /opt/devkitpro/libogc/lib/wii/libbte.a(physbusif.o)
 .text.__issue_intrread.part.0
                0x8001411c       0x80 /opt/devkitpro/libogc/lib/wii/libbte.a(physbusif.o)
 .text.__readintrdataCB
                0x8001419c      0x148 /opt/devkitpro/libogc/lib/wii/libbte.a(physbusif.o)
 .text.__issue_bulkread.part.0
                0x800142e4       0x80 /opt/devkitpro/libogc/lib/wii/libbte.a(physbusif.o)
 .text.__readbulkdataCB
                0x80014364      0x148 /opt/devkitpro/libogc/lib/wii/libbte.a(physbusif.o)
 .text.physbusif_init
                0x800144ac      0x1ec /opt/devkitpro/libogc/lib/wii/libbte.a(physbusif.o)
                0x800144ac                physbusif_init
 .text.physbusif_close
                0x80014698       0x20 /opt/devkitpro/libogc/lib/wii/libbte.a(physbusif.o)
                0x80014698                physbusif_close
 .text.physbusif_shutdown
                0x800146b8       0x24 /opt/devkitpro/libogc/lib/wii/libbte.a(physbusif.o)
                0x800146b8                physbusif_shutdown
 .text.physbusif_reset_all
                0x800146dc        0x4 /opt/devkitpro/libogc/lib/wii/libbte.a(physbusif.o)
                0x800146dc                physbusif_reset_all
 .text.physbusif_output
                0x800146e0      0x1c4 /opt/devkitpro/libogc/lib/wii/libbte.a(physbusif.o)
                0x800146e0                physbusif_output
 .text.__console_clear_line
                0x800148a4       0xb4 /opt/devkitpro/libogc/lib/wii/libogc.a(console.o)
 .text.__console_clear
                0x80014958       0xbc /opt/devkitpro/libogc/lib/wii/libogc.a(console.o)
 .text.__console_write
                0x80014a14      0x82c /opt/devkitpro/libogc/lib/wii/libogc.a(console.o)
                0x80014a14                __console_write
 .text.__console_init
                0x80015240      0x120 /opt/devkitpro/libogc/lib/wii/libogc.a(console.o)
                0x80015240                __console_init
 .text.CON_Init
                0x80015360        0x4 /opt/devkitpro/libogc/lib/wii/libogc.a(console.o)
                0x80015360                CON_Init
 .text.CON_EnableGecko
                0x80015364      0x100 /opt/devkitpro/libogc/lib/wii/libogc.a(console.o)
                0x80015364                CON_EnableGecko
 .text.__lwp_queue_initialize
                0x80015464       0x98 /opt/devkitpro/libogc/lib/wii/libogc.a(lwp_queue.o)
                0x80015464                __lwp_queue_initialize
 .text.__lwp_queue_get
                0x800154fc       0x74 /opt/devkitpro/libogc/lib/wii/libogc.a(lwp_queue.o)
                0x800154fc                __lwp_queue_get
 .text.__lwp_queue_append
                0x80015570       0x4c /opt/devkitpro/libogc/lib/wii/libogc.a(lwp_queue.o)
                0x80015570                __lwp_queue_append
 .text.__syscall_getreent
                0x800155bc       0x24 /opt/devkitpro/libogc/lib/wii/libogc.a(lwp_threads.o)
                0x800155bc                __syscall_getreent
 .text.__lwp_isr_in_progress
                0x800155e0        0x8 /opt/devkitpro/libogc/lib/wii/libogc.a(lwp_threads.o)
                0x800155e0                __lwp_isr_in_progress
 .text.__thread_dispatch_fp
                0x800155e8       0x88 /opt/devkitpro/libogc/lib/wii/libogc.a(lwp_threads.o)
                0x800155e8                __thread_dispatch_fp
 .text.__thread_dispatch
                0x80015670       0xf4 /opt/devkitpro/libogc/lib/wii/libogc.a(lwp_threads.o)
                0x80015670                __thread_dispatch
 .text.__lwp_thread_resettimeslice
                0x80015764       0xb4 /opt/devkitpro/libogc/lib/wii/libogc.a(lwp_threads.o)
                0x80015764                __lwp_thread_resettimeslice
 .text.__lwp_thread_tickle_timeslice
                0x80015818       0xc8 /opt/devkitpro/libogc/lib/wii/libogc.a(lwp_threads.o)
                0x80015818                __lwp_thread_tickle_timeslice
 .text.__lwp_thread_setstate
                0x800158e0      0x16c /opt/devkitpro/libogc/lib/wii/libogc.a(lwp_threads.o)
                0x800158e0                __lwp_thread_setstate
 .text.__lwp_thread_clearstate
                0x80015a4c       0xe4 /opt/devkitpro/libogc/lib/wii/libogc.a(lwp_threads.o)
                0x80015a4c                __lwp_thread_clearstate
 .text.__lwp_thread_delayended
                0x80015b30       0x48 /opt/devkitpro/libogc/lib/wii/libogc.a(lwp_threads.o)
                0x80015b30                __lwp_thread_delayended
 .text.__lwp_thread_settransient
                0x80015b78       0xb4 /opt/devkitpro/libogc/lib/wii/libogc.a(lwp_threads.o)
                0x80015b78                __lwp_thread_settransient
 .text.__lwp_thread_changepriority
                0x80015c2c      0x1f8 /opt/devkitpro/libogc/lib/wii/libogc.a(lwp_threads.o)
                0x80015c2c                __lwp_thread_changepriority
 .text.__lwp_thread_ready
                0x80015e24       0xf0 /opt/devkitpro/libogc/lib/wii/libogc.a(lwp_threads.o)
                0x80015e24                __lwp_thread_ready
 .text.__lwp_thread_init
                0x80015f14      0x160 /opt/devkitpro/libogc/lib/wii/libogc.a(lwp_threads.o)
                0x80015f14                __lwp_thread_init
 .text.__lwp_thread_close
                0x80016074      0x144 /opt/devkitpro/libogc/lib/wii/libogc.a(lwp_threads.o)
                0x80016074                __lwp_thread_close
 .text.__lwp_thread_handler
                0x800161b8       0xc0 /opt/devkitpro/libogc/lib/wii/libogc.a(lwp_threads.o)
 .text.__lwp_thread_closeall
                0x80016278       0xb0 /opt/devkitpro/libogc/lib/wii/libogc.a(lwp_threads.o)
                0x80016278                __lwp_thread_closeall
 .text.__lwp_thread_start
                0x80016328      0x150 /opt/devkitpro/libogc/lib/wii/libogc.a(lwp_threads.o)
                0x80016328                __lwp_thread_start
 .text.__lwp_thread_startmultitasking
                0x80016478       0xac /opt/devkitpro/libogc/lib/wii/libogc.a(lwp_threads.o)
                0x80016478                __lwp_thread_startmultitasking
 .text.__lwp_thread_stopmultitasking
                0x80016524       0x58 /opt/devkitpro/libogc/lib/wii/libogc.a(lwp_threads.o)
                0x80016524                __lwp_thread_stopmultitasking
 .text.__lwp_thread_coreinit
                0x8001657c       0xc4 /opt/devkitpro/libogc/lib/wii/libogc.a(lwp_threads.o)
                0x8001657c                __lwp_thread_coreinit
 .text.idle_func
                0x80016640        0x4 /opt/devkitpro/libogc/lib/wii/libogc.a(lwp.o)
 .text.__lwp_sysinit
                0x80016644      0x114 /opt/devkitpro/libogc/lib/wii/libogc.a(lwp.o)
                0x80016644                __lwp_sysinit
 .text.LWP_InitQueue
                0x80016758      0x140 /opt/devkitpro/libogc/lib/wii/libogc.a(lwp.o)
                0x80016758                LWP_InitQueue
 .text.LWP_CloseQueue
                0x80016898       0xd4 /opt/devkitpro/libogc/lib/wii/libogc.a(lwp.o)
                0x80016898                LWP_CloseQueue
 .text.LWP_ThreadSleep
                0x8001696c       0xf8 /opt/devkitpro/libogc/lib/wii/libogc.a(lwp.o)
                0x8001696c                LWP_ThreadSleep
 .text.LWP_ThreadBroadcast
                0x80016a64       0x88 /opt/devkitpro/libogc/lib/wii/libogc.a(lwp.o)
                0x80016a64                LWP_ThreadBroadcast
 .text.LWP_ThreadSignal
                0x80016aec       0x74 /opt/devkitpro/libogc/lib/wii/libogc.a(lwp.o)
                0x80016aec                LWP_ThreadSignal
 .text.__lwp_stack_allocate
                0x80016b60       0x60 /opt/devkitpro/libogc/lib/wii/libogc.a(lwp_stack.o)
                0x80016b60                __lwp_stack_allocate
 .text.__lwp_stack_free
                0x80016bc0       0x1c /opt/devkitpro/libogc/lib/wii/libogc.a(lwp_stack.o)
                0x80016bc0                __lwp_stack_free
 .text.__lwp_wd_settimer
                0x80016bdc       0xe0 /opt/devkitpro/libogc/lib/wii/libogc.a(lwp_watchdog.o)
 .text.__lwp_watchdog_init
                0x80016cbc       0x2c /opt/devkitpro/libogc/lib/wii/libogc.a(lwp_watchdog.o)
                0x80016cbc                __lwp_watchdog_init
 .text.__lwp_wd_insert
                0x80016ce8      0x194 /opt/devkitpro/libogc/lib/wii/libogc.a(lwp_watchdog.o)
                0x80016ce8                __lwp_wd_insert
 .text.__lwp_wd_remove
                0x80016e7c      0x138 /opt/devkitpro/libogc/lib/wii/libogc.a(lwp_watchdog.o)
                0x80016e7c                __lwp_wd_remove
 .text.__lwp_wd_tickle
                0x80016fb4      0x120 /opt/devkitpro/libogc/lib/wii/libogc.a(lwp_watchdog.o)
                0x80016fb4                __lwp_wd_tickle
 .text.__lwp_wkspace_init
                0x800170d4       0xc0 /opt/devkitpro/libogc/lib/wii/libogc.a(lwp_wkspace.o)
                0x800170d4                __lwp_wkspace_init
 .text.__lwp_objmgr_initinfo
                0x80017194      0x1a0 /opt/devkitpro/libogc/lib/wii/libogc.a(lwp_objmgr.o)
                0x80017194                __lwp_objmgr_initinfo
 .text.__lwp_objmgr_getisrdisable
                0x80017334       0x60 /opt/devkitpro/libogc/lib/wii/libogc.a(lwp_objmgr.o)
                0x80017334                __lwp_objmgr_getisrdisable
 .text.__lwp_objmgr_getnoprotection
                0x80017394       0x24 /opt/devkitpro/libogc/lib/wii/libogc.a(lwp_objmgr.o)
                0x80017394                __lwp_objmgr_getnoprotection
 .text.__lwp_objmgr_get
                0x800173b8       0x6c /opt/devkitpro/libogc/lib/wii/libogc.a(lwp_objmgr.o)
                0x800173b8                __lwp_objmgr_get
 .text.__lwp_objmgr_allocate
                0x80017424       0x88 /opt/devkitpro/libogc/lib/wii/libogc.a(lwp_objmgr.o)
                0x80017424                __lwp_objmgr_allocate
 .text.__lwp_objmgr_free
                0x800174ac       0x60 /opt/devkitpro/libogc/lib/wii/libogc.a(lwp_objmgr.o)
                0x800174ac                __lwp_objmgr_free
 .text.__lwp_heap_init
                0x8001750c       0xa4 /opt/devkitpro/libogc/lib/wii/libogc.a(lwp_heap.o)
                0x8001750c                __lwp_heap_init
 .text.__lwp_heap_allocate
                0x800175b0      0x160 /opt/devkitpro/libogc/lib/wii/libogc.a(lwp_heap.o)
                0x800175b0                __lwp_heap_allocate
 .text.__lwp_heap_free
                0x80017710      0x188 /opt/devkitpro/libogc/lib/wii/libogc.a(lwp_heap.o)
                0x80017710                __lwp_heap_free
 .text.__SetInterrupts
                0x80017898      0x268 /opt/devkitpro/libogc/lib/wii/libogc.a(irq.o)
 .text.c_irqdispatcher
                0x80017b00      0x278 /opt/devkitpro/libogc/lib/wii/libogc.a(irq.o)
                0x80017b00                c_irqdispatcher
 .text.__UnmaskIrq
                0x80017d78       0x84 /opt/devkitpro/libogc/lib/wii/libogc.a(irq.o)
                0x80017d78                __UnmaskIrq
 .text.__MaskIrq
                0x80017dfc       0x84 /opt/devkitpro/libogc/lib/wii/libogc.a(irq.o)
                0x80017dfc                __MaskIrq
 .text.__irq_init
                0x80017e80       0x84 /opt/devkitpro/libogc/lib/wii/libogc.a(irq.o)
                0x80017e80                __irq_init
 .text.IRQ_Request
                0x80017f04       0x50 /opt/devkitpro/libogc/lib/wii/libogc.a(irq.o)
                0x80017f04                IRQ_Request
 .text.IRQ_GetHandler
                0x80017f54       0x44 /opt/devkitpro/libogc/lib/wii/libogc.a(irq.o)
                0x80017f54                IRQ_GetHandler
 .text.IRQ_Disable
                0x80017f98       0x1c /opt/devkitpro/libogc/lib/wii/libogc.a(irq.o)
                0x80017f98                IRQ_Disable
 .text.IRQ_Restore
                0x80017fb4       0x1c /opt/devkitpro/libogc/lib/wii/libogc.a(irq.o)
                0x80017fb4                IRQ_Restore
 .text.__VISendI2CData.constprop.0.isra.0
                0x80017fd0      0x450 /opt/devkitpro/libogc/lib/wii/libogc.a(video.o)
 .text.__setFbbRegs.constprop.0
                0x80018420      0x190 /opt/devkitpro/libogc/lib/wii/libogc.a(video.o)
 .text.__VISetYUVSEL
                0x800185b0       0xb8 /opt/devkitpro/libogc/lib/wii/libogc.a(video.o)
 .text.VIDEO_Configure
                0x80018668      0x5ec /opt/devkitpro/libogc/lib/wii/libogc.a(video.o)
                0x80018668                VIDEO_Configure
 .text.VIDEO_WaitVSync
                0x80018c54       0x74 /opt/devkitpro/libogc/lib/wii/libogc.a(video.o)
                0x80018c54                VIDEO_WaitVSync
 .text.VIDEO_SetFramebuffer
                0x80018cc8      0x108 /opt/devkitpro/libogc/lib/wii/libogc.a(video.o)
                0x80018cc8                VIDEO_SetFramebuffer
 .text.VIDEO_SetNextFramebuffer
                0x80018dd0       0x70 /opt/devkitpro/libogc/lib/wii/libogc.a(video.o)
                0x80018dd0                VIDEO_SetNextFramebuffer
 .text.VIDEO_Flush
                0x80018e40       0xf4 /opt/devkitpro/libogc/lib/wii/libogc.a(video.o)
                0x80018e40                VIDEO_Flush
 .text.VIDEO_SetBlack
                0x80018f34      0x15c /opt/devkitpro/libogc/lib/wii/libogc.a(video.o)
                0x80018f34                VIDEO_SetBlack
 .text.VIDEO_GetCurrentTvMode
                0x80019090       0x78 /opt/devkitpro/libogc/lib/wii/libogc.a(video.o)
                0x80019090                VIDEO_GetCurrentTvMode
 .text.__VIRetraceHandler
                0x80019108      0x298 /opt/devkitpro/libogc/lib/wii/libogc.a(video.o)
 .text.__VISetupEncoder
                0x800193a0      0x2cc /opt/devkitpro/libogc/lib/wii/libogc.a(video.o)
 .text.VIDEO_Init
                0x8001966c      0x4e4 /opt/devkitpro/libogc/lib/wii/libogc.a(video.o)
                0x8001966c                VIDEO_Init
 .text.VIDEO_GetPreferredMode
                0x80019b50      0x108 /opt/devkitpro/libogc/lib/wii/libogc.a(video.o)
                0x80019b50                VIDEO_GetPreferredMode
 .text.VIDEO_GetCurrentLine
                0x80019c58       0x9c /opt/devkitpro/libogc/lib/wii/libogc.a(video.o)
                0x80019c58                VIDEO_GetCurrentLine
 .text.VIDEO_GetFrameBufferSize
                0x80019cf4       0x34 /opt/devkitpro/libogc/lib/wii/libogc.a(video.o)
                0x80019cf4                VIDEO_GetFrameBufferSize
 .text.__call_resetfuncs
                0x80019d28       0xbc /opt/devkitpro/libogc/lib/wii/libogc.a(system.o)
 .text.__MEMInterruptHandler
                0x80019de4       0x14 /opt/devkitpro/libogc/lib/wii/libogc.a(system.o)
 .text.__RSWDefaultHandler
                0x80019df8        0x4 /opt/devkitpro/libogc/lib/wii/libogc.a(system.o)
 .text.__POWDefaultHandler
                0x80019dfc        0x4 /opt/devkitpro/libogc/lib/wii/libogc.a(system.o)
 .text.__STMEventHandler
                0x80019e00      0x104 /opt/devkitpro/libogc/lib/wii/libogc.a(system.o)
 .text.__getrtc
                0x80019f04      0x13c /opt/devkitpro/libogc/lib/wii/libogc.a(system.o)
 .text.__sram_write
                0x8001a040      0x130 /opt/devkitpro/libogc/lib/wii/libogc.a(system.o)
 .text.__sram_writecallback
                0x8001a170       0x54 /opt/devkitpro/libogc/lib/wii/libogc.a(system.o)
 .text.__mem_onreset
                0x8001a1c4       0x48 /opt/devkitpro/libogc/lib/wii/libogc.a(system.o)
 .text.__unlocksram
                0x8001a20c      0x174 /opt/devkitpro/libogc/lib/wii/libogc.a(system.o)
 .text.__sys_alarmhandler
                0x8001a380      0x154 /opt/devkitpro/libogc/lib/wii/libogc.a(system.o)
 .text.__syscall_malloc_lock
                0x8001a4d4        0x4 /opt/devkitpro/libogc/lib/wii/libogc.a(system.o)
                0x8001a4d4                __syscall_malloc_lock
 .text.__syscall_malloc_unlock
                0x8001a4d8        0x4 /opt/devkitpro/libogc/lib/wii/libogc.a(system.o)
                0x8001a4d8                __syscall_malloc_unlock
 .text.__syscall_nanosleep
                0x8001a4dc        0x4 /opt/devkitpro/libogc/lib/wii/libogc.a(system.o)
                0x8001a4dc                __syscall_nanosleep
 .text.__SYS_GetRTC
                0x8001a4e0       0xa0 /opt/devkitpro/libogc/lib/wii/libogc.a(system.o)
                0x8001a4e0                __SYS_GetRTC
 .text.__SYS_SetBootTime
                0x8001a580      0x108 /opt/devkitpro/libogc/lib/wii/libogc.a(system.o)
                0x8001a580                __SYS_SetBootTime
 .text.__SYS_GetIPCBufferLo
                0x8001a688        0x8 /opt/devkitpro/libogc/lib/wii/libogc.a(system.o)
                0x8001a688                __SYS_GetIPCBufferLo
 .text.__SYS_GetIPCBufferHi
                0x8001a690        0x8 /opt/devkitpro/libogc/lib/wii/libogc.a(system.o)
                0x8001a690                __SYS_GetIPCBufferHi
 .text.__SYS_DoPowerCB
                0x8001a698       0x74 /opt/devkitpro/libogc/lib/wii/libogc.a(system.o)
                0x8001a698                __SYS_DoPowerCB
 .text.__SYS_PreInit
                0x8001a70c        0x4 /opt/devkitpro/libogc/lib/wii/libogc.a(system.o)
                0x8001a70c                __SYS_PreInit
 .text.SYS_PreMain
                0x8001a710       0x7c /opt/devkitpro/libogc/lib/wii/libogc.a(system.o)
                0x8001a710                SYS_PreMain
 .text.SYS_ResetButtonDown
                0x8001a78c       0x18 /opt/devkitpro/libogc/lib/wii/libogc.a(system.o)
                0x8001a78c                SYS_ResetButtonDown
 .text.SYS_ResetSystem
                0x8001a7a4      0x210 /opt/devkitpro/libogc/lib/wii/libogc.a(system.o)
                0x8001a7a4                SYS_ResetSystem
 .text.__reload
                0x8001a9b4       0x80 /opt/devkitpro/libogc/lib/wii/libogc.a(system.o)
                0x8001a9b4                __reload
 .text.__syscall_exit
                0x8001aa34       0x88 /opt/devkitpro/libogc/lib/wii/libogc.a(system.o)
                0x8001aa34                __syscall_exit
 .text.SYS_RegisterResetFunc
                0x8001aabc       0x78 /opt/devkitpro/libogc/lib/wii/libogc.a(system.o)
                0x8001aabc                SYS_RegisterResetFunc
 .text.SYS_SetArena1Lo
                0x8001ab34       0x38 /opt/devkitpro/libogc/lib/wii/libogc.a(system.o)
                0x8001ab34                SYS_SetArena1Lo
 .text.SYS_GetArena1Lo
                0x8001ab6c       0x38 /opt/devkitpro/libogc/lib/wii/libogc.a(system.o)
                0x8001ab6c                SYS_GetArena1Lo
 .text.SYS_GetArena1Hi
                0x8001aba4       0x38 /opt/devkitpro/libogc/lib/wii/libogc.a(system.o)
                0x8001aba4                SYS_GetArena1Hi
 .text.SYS_SetArena2Lo
                0x8001abdc       0x38 /opt/devkitpro/libogc/lib/wii/libogc.a(system.o)
                0x8001abdc                SYS_SetArena2Lo
 .text.SYS_GetArena2Lo
                0x8001ac14       0x38 /opt/devkitpro/libogc/lib/wii/libogc.a(system.o)
                0x8001ac14                SYS_GetArena2Lo
 .text.SYS_SetArena2Hi
                0x8001ac4c       0x38 /opt/devkitpro/libogc/lib/wii/libogc.a(system.o)
                0x8001ac4c                SYS_SetArena2Hi
 .text.SYS_GetArena2Hi
                0x8001ac84       0x38 /opt/devkitpro/libogc/lib/wii/libogc.a(system.o)
                0x8001ac84                SYS_GetArena2Hi
 .text.SYS_AllocateFramebuffer
                0x8001acbc       0x28 /opt/devkitpro/libogc/lib/wii/libogc.a(system.o)
                0x8001acbc                SYS_AllocateFramebuffer
 .text.SYS_CreateAlarm
                0x8001ace4       0xf0 /opt/devkitpro/libogc/lib/wii/libogc.a(system.o)
                0x8001ace4                SYS_CreateAlarm
 .text.SYS_SetAlarm
                0x8001add4      0x1e0 /opt/devkitpro/libogc/lib/wii/libogc.a(system.o)
                0x8001add4                SYS_SetAlarm
 .text.SYS_SetPeriodicAlarm
                0x8001afb4      0x270 /opt/devkitpro/libogc/lib/wii/libogc.a(system.o)
                0x8001afb4                SYS_SetPeriodicAlarm
 .text.SYS_RemoveAlarm
                0x8001b224      0x10c /opt/devkitpro/libogc/lib/wii/libogc.a(system.o)
                0x8001b224                SYS_RemoveAlarm
 .text.SYS_CancelAlarm
                0x8001b330       0xbc /opt/devkitpro/libogc/lib/wii/libogc.a(system.o)
                0x8001b330                SYS_CancelAlarm
 .text.SYS_GetWirelessID
                0x8001b3ec       0x94 /opt/devkitpro/libogc/lib/wii/libogc.a(system.o)
                0x8001b3ec                SYS_GetWirelessID
 .text.SYS_SetWirelessID
                0x8001b480       0x90 /opt/devkitpro/libogc/lib/wii/libogc.a(system.o)
                0x8001b480                SYS_SetWirelessID
 .text.SYS_SetGBSMode
                0x8001b510       0xa8 /opt/devkitpro/libogc/lib/wii/libogc.a(system.o)
                0x8001b510                SYS_SetGBSMode
 .text.__sram_init
                0x8001b5b8      0x1b8 /opt/devkitpro/libogc/lib/wii/libogc.a(system.o)
                0x8001b5b8                __sram_init
 .text.SYS_Init
                0x8001b770      0x5e8 /opt/devkitpro/libogc/lib/wii/libogc.a(system.o)
                0x8001b770                SYS_Init
 .text.SYS_GetHollywoodRevision
                0x8001bd58       0x3c /opt/devkitpro/libogc/lib/wii/libogc.a(system.o)
                0x8001bd58                SYS_GetHollywoodRevision
 .text.SYS_Time
                0x8001bd94       0x78 /opt/devkitpro/libogc/lib/wii/libogc.a(system.o)
                0x8001bd94                SYS_Time
 .text.__lwp_cond_init
                0x8001be0c       0x14 /opt/devkitpro/libogc/lib/wii/libogc.a(cond.o)
                0x8001be0c                __lwp_cond_init
 .text.__decrementer_init
                0x8001be20        0x4 /opt/devkitpro/libogc/lib/wii/libogc.a(decrementer.o)
                0x8001be20                __decrementer_init
 .text.c_decrementer_handler
                0x8001be24        0xc /opt/devkitpro/libogc/lib/wii/libogc.a(decrementer.o)
                0x8001be24                c_decrementer_handler
 .text.__lwp_mqbox_init
                0x8001be30       0x14 /opt/devkitpro/libogc/lib/wii/libogc.a(message.o)
                0x8001be30                __lwp_mqbox_init
 .text.__si_transfer
                0x8001be44      0x1a4 /opt/devkitpro/libogc/lib/wii/libogc.a(si.o)
 .text.__si_alarmhandler
                0x8001bfe8       0xdc /opt/devkitpro/libogc/lib/wii/libogc.a(si.o)
 .text.__si_completetransfer
                0x8001c0c4      0x1fc /opt/devkitpro/libogc/lib/wii/libogc.a(si.o)
 .text.__si_transfernext
                0x8001c2c0       0xe0 /opt/devkitpro/libogc/lib/wii/libogc.a(si.o)
 .text.SI_Busy  0x8001c3a0       0x18 /opt/devkitpro/libogc/lib/wii/libogc.a(si.o)
                0x8001c3a0                SI_Busy
 .text.SI_IsChanBusy
                0x8001c3b8       0x38 /opt/devkitpro/libogc/lib/wii/libogc.a(si.o)
                0x8001c3b8                SI_IsChanBusy
 .text.SI_SetXY
                0x8001c3f0       0x64 /opt/devkitpro/libogc/lib/wii/libogc.a(si.o)
                0x8001c3f0                SI_SetXY
 .text.SI_EnablePolling
                0x8001c454       0x80 /opt/devkitpro/libogc/lib/wii/libogc.a(si.o)
                0x8001c454                SI_EnablePolling
 .text.SI_DisablePolling
                0x8001c4d4       0x58 /opt/devkitpro/libogc/lib/wii/libogc.a(si.o)
                0x8001c4d4                SI_DisablePolling
 .text.SI_SetSamplingRate
                0x8001c52c       0xd8 /opt/devkitpro/libogc/lib/wii/libogc.a(si.o)
                0x8001c52c                SI_SetSamplingRate
 .text.SI_RefreshSamplingRate
                0x8001c604        0x8 /opt/devkitpro/libogc/lib/wii/libogc.a(si.o)
                0x8001c604                SI_RefreshSamplingRate
 .text.SI_GetStatus
                0x8001c60c       0x78 /opt/devkitpro/libogc/lib/wii/libogc.a(si.o)
                0x8001c60c                SI_GetStatus
 .text.SI_GetResponseRaw
                0x8001c684       0xe8 /opt/devkitpro/libogc/lib/wii/libogc.a(si.o)
                0x8001c684                SI_GetResponseRaw
 .text.SI_GetResponse
                0x8001c76c       0xb8 /opt/devkitpro/libogc/lib/wii/libogc.a(si.o)
                0x8001c76c                SI_GetResponse
 .text.SI_SetCommand
                0x8001c824       0x10 /opt/devkitpro/libogc/lib/wii/libogc.a(si.o)
                0x8001c824                SI_SetCommand
 .text.SI_Transfer
                0x8001c834      0x26c /opt/devkitpro/libogc/lib/wii/libogc.a(si.o)
                0x8001c834                SI_Transfer
 .text.__si_gettypecallback
                0x8001caa0      0x2c0 /opt/devkitpro/libogc/lib/wii/libogc.a(si.o)
 .text.__si_interrupthandler
                0x8001cd60      0x268 /opt/devkitpro/libogc/lib/wii/libogc.a(si.o)
 .text.SI_GetType
                0x8001cfc8      0x1f4 /opt/devkitpro/libogc/lib/wii/libogc.a(si.o)
                0x8001cfc8                SI_GetType
 .text.SI_GetTypeAsync
                0x8001d1bc      0x138 /opt/devkitpro/libogc/lib/wii/libogc.a(si.o)
                0x8001d1bc                SI_GetTypeAsync
 .text.SI_EnablePollingInterrupt
                0x8001d2f4       0x8c /opt/devkitpro/libogc/lib/wii/libogc.a(si.o)
                0x8001d2f4                SI_EnablePollingInterrupt
 .text.SI_UnregisterPollingHandler
                0x8001d380       0xe0 /opt/devkitpro/libogc/lib/wii/libogc.a(si.o)
                0x8001d380                SI_UnregisterPollingHandler
 .text.__si_init
                0x8001d460       0xe8 /opt/devkitpro/libogc/lib/wii/libogc.a(si.o)
                0x8001d460                __si_init
 .text.__ipc_sendrequest
                0x8001d548      0x104 /opt/devkitpro/libogc/lib/wii/libogc.a(ipc.o)
 .text.__ipc_syncrequest
                0x8001d64c       0xe4 /opt/devkitpro/libogc/lib/wii/libogc.a(ipc.o)
 .text.__ioctlvfmtCB
                0x8001d730      0x158 /opt/devkitpro/libogc/lib/wii/libogc.a(ipc.o)
 .text.__ios_ioctlvformat_parse
                0x8001d888      0x820 /opt/devkitpro/libogc/lib/wii/libogc.a(ipc.o)
 .text.__ipc_asyncrequest
                0x8001e0a8      0x13c /opt/devkitpro/libogc/lib/wii/libogc.a(ipc.o)
 .text.__ipc_interrupthandler
                0x8001e1e4      0x34c /opt/devkitpro/libogc/lib/wii/libogc.a(ipc.o)
 .text.iosCreateHeap
                0x8001e530      0x130 /opt/devkitpro/libogc/lib/wii/libogc.a(ipc.o)
                0x8001e530                iosCreateHeap
 .text.iosAlloc
                0x8001e660       0x30 /opt/devkitpro/libogc/lib/wii/libogc.a(ipc.o)
                0x8001e660                iosAlloc
 .text.iosFree  0x8001e690       0x28 /opt/devkitpro/libogc/lib/wii/libogc.a(ipc.o)
                0x8001e690                iosFree
 .text.__IPC_ClntInit
                0x8001e6b8       0xc8 /opt/devkitpro/libogc/lib/wii/libogc.a(ipc.o)
                0x8001e6b8                __IPC_ClntInit
 .text.IOS_Open
                0x8001e780      0x110 /opt/devkitpro/libogc/lib/wii/libogc.a(ipc.o)
                0x8001e780                IOS_Open
 .text.IOS_Close
                0x8001e890       0xf0 /opt/devkitpro/libogc/lib/wii/libogc.a(ipc.o)
                0x8001e890                IOS_Close
 .text.IOS_CloseAsync
                0x8001e980       0xb4 /opt/devkitpro/libogc/lib/wii/libogc.a(ipc.o)
                0x8001e980                IOS_CloseAsync
 .text.IOS_Read
                0x8001ea34      0x10c /opt/devkitpro/libogc/lib/wii/libogc.a(ipc.o)
                0x8001ea34                IOS_Read
 .text.IOS_Write
                0x8001eb40      0x10c /opt/devkitpro/libogc/lib/wii/libogc.a(ipc.o)
                0x8001eb40                IOS_Write
 .text.IOS_Ioctl
                0x8001ec4c      0x158 /opt/devkitpro/libogc/lib/wii/libogc.a(ipc.o)
                0x8001ec4c                IOS_Ioctl
 .text.IOS_IoctlAsync
                0x8001eda4      0x148 /opt/devkitpro/libogc/lib/wii/libogc.a(ipc.o)
                0x8001eda4                IOS_IoctlAsync
 .text.IOS_Ioctlv
                0x8001eeec      0x1f0 /opt/devkitpro/libogc/lib/wii/libogc.a(ipc.o)
                0x8001eeec                IOS_Ioctlv
 .text.IOS_IoctlvAsync
                0x8001f0dc      0x1d4 /opt/devkitpro/libogc/lib/wii/libogc.a(ipc.o)
                0x8001f0dc                IOS_IoctlvAsync
 .text.IOS_IoctlvFormat
                0x8001f2b0      0x16c /opt/devkitpro/libogc/lib/wii/libogc.a(ipc.o)
                0x8001f2b0                IOS_IoctlvFormat
 .text.IOS_IoctlvReboot
                0x8001f41c      0x1f4 /opt/devkitpro/libogc/lib/wii/libogc.a(ipc.o)
                0x8001f41c                IOS_IoctlvReboot
 .text.gettick  0x8001f610        0x8 /opt/devkitpro/libogc/lib/wii/libogc.a(timesupp.o)
                0x8001f610                gettick
 .text.gettime  0x8001f618       0x18 /opt/devkitpro/libogc/lib/wii/libogc.a(timesupp.o)
                0x8001f618                gettime
 .text.settime  0x8001f630       0x14 /opt/devkitpro/libogc/lib/wii/libogc.a(timesupp.o)
                0x8001f630                settime
 .text.diff_usec
                0x8001f644       0x88 /opt/devkitpro/libogc/lib/wii/libogc.a(timesupp.o)
                0x8001f644                diff_usec
 .text.__timesystem_init
                0x8001f6cc       0x1c /opt/devkitpro/libogc/lib/wii/libogc.a(timesupp.o)
                0x8001f6cc                __timesystem_init
 .text.udelay   0x8001f6e8       0xac /opt/devkitpro/libogc/lib/wii/libogc.a(timesupp.o)
                0x8001f6e8                udelay
 .text.__libogc_nanosleep
                0x8001f794      0x144 /opt/devkitpro/libogc/lib/wii/libogc.a(timesupp.o)
                0x8001f794                __libogc_nanosleep
 .text.__syscall_lock_init
                0x8001f8d8       0x6c /opt/devkitpro/libogc/lib/wii/libogc.a(lock_supp.o)
                0x8001f8d8                __syscall_lock_init
 .text.__syscall_lock_init_recursive
                0x8001f944       0x6c /opt/devkitpro/libogc/lib/wii/libogc.a(lock_supp.o)
                0x8001f944                __syscall_lock_init_recursive
 .text.__syscall_lock_close
                0x8001f9b0       0x68 /opt/devkitpro/libogc/lib/wii/libogc.a(lock_supp.o)
                0x8001f9b0                __syscall_lock_close
 .text.__syscall_lock_acquire
                0x8001fa18       0x18 /opt/devkitpro/libogc/lib/wii/libogc.a(lock_supp.o)
                0x8001fa18                __syscall_lock_acquire
 .text.__syscall_lock_release
                0x8001fa30       0x18 /opt/devkitpro/libogc/lib/wii/libogc.a(lock_supp.o)
                0x8001fa30                __syscall_lock_release
 .text.__usbgecko_exi_unlock
                0x8001fa48       0x34 /opt/devkitpro/libogc/lib/wii/libogc.a(usbgecko.o)
 .text.usb_isgeckoalive
                0x8001fa7c      0x1bc /opt/devkitpro/libogc/lib/wii/libogc.a(usbgecko.o)
                0x8001fa7c                usb_isgeckoalive
 .text.usb_sendbuffer_ex
                0x8001fc38      0x214 /opt/devkitpro/libogc/lib/wii/libogc.a(usbgecko.o)
                0x8001fc38                usb_sendbuffer_ex
 .text.usb_sendbuffer
                0x8001fe4c        0x8 /opt/devkitpro/libogc/lib/wii/libogc.a(usbgecko.o)
                0x8001fe4c                usb_sendbuffer
 .text.usb_sendbuffer_safe_ex
                0x8001fe54      0x2a8 /opt/devkitpro/libogc/lib/wii/libogc.a(usbgecko.o)
                0x8001fe54                usb_sendbuffer_safe_ex
 .text.usb_sendbuffer_safe
                0x800200fc        0x8 /opt/devkitpro/libogc/lib/wii/libogc.a(usbgecko.o)
                0x800200fc                usb_sendbuffer_safe
 .text._sbrk_r  0x80020104      0x28c /opt/devkitpro/libogc/lib/wii/libogc.a(sbrk.o)
                0x80020104                _sbrk_r
 .text.__memlock_init
                0x80020390       0x7c /opt/devkitpro/libogc/lib/wii/libogc.a(malloc_lock.o)
                0x80020390                __memlock_init
 .text.__libogc_malloc_lock
                0x8002040c      0x1fc /opt/devkitpro/libogc/lib/wii/libogc.a(malloc_lock.o)
                0x8002040c                __libogc_malloc_lock
 .text.__libogc_malloc_unlock
                0x80020608       0x64 /opt/devkitpro/libogc/lib/wii/libogc.a(malloc_lock.o)
                0x80020608                __libogc_malloc_unlock
 .text.__STM_SetEventHook
                0x8002066c       0xb0 /opt/devkitpro/libogc/lib/wii/libogc.a(stm.o)
                0x8002066c                __STM_SetEventHook
 .text.__STM_Init
                0x8002071c       0x8c /opt/devkitpro/libogc/lib/wii/libogc.a(stm.o)
                0x8002071c                __STM_Init
 .text.__STMEventHandler
                0x800207a8       0x64 /opt/devkitpro/libogc/lib/wii/libogc.a(stm.o)
 .text.__STM_ReleaseEventHook
                0x8002080c       0x80 /opt/devkitpro/libogc/lib/wii/libogc.a(stm.o)
                0x8002080c                __STM_ReleaseEventHook
 .text.__STM_Close
                0x8002088c       0xac /opt/devkitpro/libogc/lib/wii/libogc.a(stm.o)
                0x8002088c                __STM_Close
 .text.STM_RegisterEventHandler
                0x80020938       0x10 /opt/devkitpro/libogc/lib/wii/libogc.a(stm.o)
                0x80020938                STM_RegisterEventHandler
 .text.STM_ShutdownToStandby
                0x80020948       0x50 /opt/devkitpro/libogc/lib/wii/libogc.a(stm.o)
                0x80020948                STM_ShutdownToStandby
 .text.STM_ShutdownToIdle
                0x80020998       0x70 /opt/devkitpro/libogc/lib/wii/libogc.a(stm.o)
                0x80020998                STM_ShutdownToIdle
 .text.STM_SetLedMode
                0x80020a08       0x40 /opt/devkitpro/libogc/lib/wii/libogc.a(stm.o)
                0x80020a08                STM_SetLedMode
 .text.STM_RebootSystem
                0x80020a48       0x50 /opt/devkitpro/libogc/lib/wii/libogc.a(stm.o)
                0x80020a48                STM_RebootSystem
 .text.__IOS_InitializeSubsystems
                0x80020a98       0x44 /opt/devkitpro/libogc/lib/wii/libogc.a(ios.o)
                0x80020a98                __IOS_InitializeSubsystems
 .text.__IOS_ShutdownSubsystems
                0x80020adc       0x44 /opt/devkitpro/libogc/lib/wii/libogc.a(ios.o)
                0x80020adc                __IOS_ShutdownSubsystems
 .text.__IOS_LoadStartupIOS
                0x80020b20        0x8 /opt/devkitpro/libogc/lib/wii/libogc.a(ios.o)
                0x80020b20                __IOS_LoadStartupIOS
 .text._ES_fstat_r
                0x80020b28      0x120 /opt/devkitpro/libogc/lib/wii/libogc.a(es.o)
 .text._ES_seek_r
                0x80020c48       0xdc /opt/devkitpro/libogc/lib/wii/libogc.a(es.o)
 .text._ES_close_r
                0x80020d24       0xac /opt/devkitpro/libogc/lib/wii/libogc.a(es.o)
 .text.__ES_Init
                0x80020dd0       0x78 /opt/devkitpro/libogc/lib/wii/libogc.a(es.o)
                0x80020dd0                __ES_Init
 .text.__ES_Close
                0x80020e48       0x54 /opt/devkitpro/libogc/lib/wii/libogc.a(es.o)
                0x80020e48                __ES_Close
 .text.ES_GetTitleID
                0x80020e9c       0x94 /opt/devkitpro/libogc/lib/wii/libogc.a(es.o)
                0x80020e9c                ES_GetTitleID
 .text.ES_LaunchTitle
                0x80020f30       0xa4 /opt/devkitpro/libogc/lib/wii/libogc.a(es.o)
                0x80020f30                ES_LaunchTitle
 .text.ES_GetNumTicketViews
                0x80020fd4       0x98 /opt/devkitpro/libogc/lib/wii/libogc.a(es.o)
                0x80020fd4                ES_GetNumTicketViews
 .text.ES_GetTicketViews
                0x8002106c       0x8c /opt/devkitpro/libogc/lib/wii/libogc.a(es.o)
                0x8002106c                ES_GetTicketViews
 .text.ES_GetStoredTMD
                0x800210f8       0x90 /opt/devkitpro/libogc/lib/wii/libogc.a(es.o)
                0x800210f8                ES_GetStoredTMD
 .text._ES_decodepath
                0x80021188      0x440 /opt/devkitpro/libogc/lib/wii/libogc.a(es.o)
 .text._ES_stat_r
                0x800215c8       0xf4 /opt/devkitpro/libogc/lib/wii/libogc.a(es.o)
 .text._ES_open_r
                0x800216bc      0x1d0 /opt/devkitpro/libogc/lib/wii/libogc.a(es.o)
 .text.ES_ReadContent
                0x8002188c       0x6c /opt/devkitpro/libogc/lib/wii/libogc.a(es.o)
                0x8002188c                ES_ReadContent
 .text._ES_read_r
                0x800218f8      0x17c /opt/devkitpro/libogc/lib/wii/libogc.a(es.o)
 .text.__usbv5_devicechangeCB
                0x80021a74      0x180 /opt/devkitpro/libogc/lib/wii/libogc.a(usb.o)
 .text.__usbv5_attachfinishCB
                0x80021bf4       0xcc /opt/devkitpro/libogc/lib/wii/libogc.a(usb.o)
 .text.__usbv5_messageCB
                0x80021cc0       0x5c /opt/devkitpro/libogc/lib/wii/libogc.a(usb.o)
 .text.__usbv0_messageCB
                0x80021d1c       0xa8 /opt/devkitpro/libogc/lib/wii/libogc.a(usb.o)
 .text.__usb_control_message
                0x80021dc4      0x428 /opt/devkitpro/libogc/lib/wii/libogc.a(usb.o)
 .text.__usb_interrupt_bulk_message
                0x800221ec      0x2c0 /opt/devkitpro/libogc/lib/wii/libogc.a(usb.o)
 .text.USB_FreeDescriptors.part.0
                0x800224ac       0xfc /opt/devkitpro/libogc/lib/wii/libogc.a(usb.o)
 .text.USB_GetDescriptors.part.0
                0x800225a8      0x674 /opt/devkitpro/libogc/lib/wii/libogc.a(usb.o)
 .text.USBV5_SuspendResume
                0x80022c1c      0x138 /opt/devkitpro/libogc/lib/wii/libogc.a(usb.o)
 .text.USBV5_GetDescriptors
                0x80022d54      0x518 /opt/devkitpro/libogc/lib/wii/libogc.a(usb.o)
 .text.USB_Deinitialize
                0x8002326c       0xc8 /opt/devkitpro/libogc/lib/wii/libogc.a(usb.o)
                0x8002326c                USB_Deinitialize
 .text.USB_Initialize
                0x80023334      0x2f8 /opt/devkitpro/libogc/lib/wii/libogc.a(usb.o)
                0x80023334                USB_Initialize
 .text.USB_OpenDevice
                0x8002362c      0x2b8 /opt/devkitpro/libogc/lib/wii/libogc.a(usb.o)
                0x8002362c                USB_OpenDevice
 .text.USBV5_CloseDevice
                0x800238e4      0x128 /opt/devkitpro/libogc/lib/wii/libogc.a(usb.o)
                0x800238e4                USBV5_CloseDevice
 .text.USB_CloseDeviceAsync
                0x80023a0c       0xd0 /opt/devkitpro/libogc/lib/wii/libogc.a(usb.o)
                0x80023a0c                USB_CloseDeviceAsync
 .text.USB_ReadIntrMsgAsync
                0x80023adc       0x28 /opt/devkitpro/libogc/lib/wii/libogc.a(usb.o)
                0x80023adc                USB_ReadIntrMsgAsync
 .text.USB_ReadBlkMsgAsync
                0x80023b04       0x28 /opt/devkitpro/libogc/lib/wii/libogc.a(usb.o)
                0x80023b04                USB_ReadBlkMsgAsync
 .text.USB_WriteBlkMsgAsync
                0x80023b2c       0x28 /opt/devkitpro/libogc/lib/wii/libogc.a(usb.o)
                0x80023b2c                USB_WriteBlkMsgAsync
 .text.USB_WriteCtrlMsgAsync
                0x80023b54        0x4 /opt/devkitpro/libogc/lib/wii/libogc.a(usb.o)
                0x80023b54                USB_WriteCtrlMsgAsync
 .text.__CheckARGV
                0x80023b58       0x80 /opt/devkitpro/libogc/lib/wii/libogc.a(argv.o)
                0x80023b58                __CheckARGV
 .text.CONF_Init
                0x80023bd8      0x184 /opt/devkitpro/libogc/lib/wii/libogc.a(conf.o)
                0x80023bd8                CONF_Init
 .text.__CONF_GetTxt
                0x80023d5c      0x208 /opt/devkitpro/libogc/lib/wii/libogc.a(conf.o)
                0x80023d5c                __CONF_GetTxt
 .text.__CONF_Find
                0x80023f64       0xfc /opt/devkitpro/libogc/lib/wii/libogc.a(conf.o)
                0x80023f64                __CONF_Find
 .text.CONF_GetLength
                0x80024060      0x12c /opt/devkitpro/libogc/lib/wii/libogc.a(conf.o)
                0x80024060                CONF_GetLength
 .text.CONF_Get
                0x8002418c      0x140 /opt/devkitpro/libogc/lib/wii/libogc.a(conf.o)
                0x8002418c                CONF_Get
 .text.CONF_GetShutdownMode
                0x800242cc       0x54 /opt/devkitpro/libogc/lib/wii/libogc.a(conf.o)
                0x800242cc                CONF_GetShutdownMode
 .text.CONF_GetIdleLedMode
                0x80024320       0x54 /opt/devkitpro/libogc/lib/wii/libogc.a(conf.o)
                0x80024320                CONF_GetIdleLedMode
 .text.CONF_GetProgressiveScan
                0x80024374       0x54 /opt/devkitpro/libogc/lib/wii/libogc.a(conf.o)
                0x80024374                CONF_GetProgressiveScan
 .text.CONF_GetEuRGB60
                0x800243c8       0x54 /opt/devkitpro/libogc/lib/wii/libogc.a(conf.o)
                0x800243c8                CONF_GetEuRGB60
 .text.CONF_GetIRSensitivity
                0x8002441c       0x54 /opt/devkitpro/libogc/lib/wii/libogc.a(conf.o)
                0x8002441c                CONF_GetIRSensitivity
 .text.CONF_GetSensorBarPosition
                0x80024470       0x54 /opt/devkitpro/libogc/lib/wii/libogc.a(conf.o)
                0x80024470                CONF_GetSensorBarPosition
 .text.CONF_GetCounterBias
                0x800244c4       0x4c /opt/devkitpro/libogc/lib/wii/libogc.a(conf.o)
                0x800244c4                CONF_GetCounterBias
 .text.CONF_GetDisplayOffsetH
                0x80024510       0x4c /opt/devkitpro/libogc/lib/wii/libogc.a(conf.o)
                0x80024510                CONF_GetDisplayOffsetH
 .text.CONF_GetPadDevices
                0x8002455c       0x4c /opt/devkitpro/libogc/lib/wii/libogc.a(conf.o)
                0x8002455c                CONF_GetPadDevices
 .text.CONF_GetVideo
                0x800245a8       0x88 /opt/devkitpro/libogc/lib/wii/libogc.a(conf.o)
                0x800245a8                CONF_GetVideo
 .text.__WII_WriteNANDBootInfo.isra.0
                0x80024630       0xbc /opt/devkitpro/libogc/lib/wii/libogc.a(wiilaunch.o)
 .text.__WII_WriteStateFlags.isra.0
                0x800246ec       0x94 /opt/devkitpro/libogc/lib/wii/libogc.a(wiilaunch.o)
 .text.WII_Initialize
                0x80024780      0x188 /opt/devkitpro/libogc/lib/wii/libogc.a(wiilaunch.o)
                0x80024780                WII_Initialize
 .text.WII_LaunchTitle
                0x80024908      0x1ac /opt/devkitpro/libogc/lib/wii/libogc.a(wiilaunch.o)
                0x80024908                WII_LaunchTitle
 .text.WII_ReturnToMenu
                0x80024ab4       0x58 /opt/devkitpro/libogc/lib/wii/libogc.a(wiilaunch.o)
                0x80024ab4                WII_ReturnToMenu
 .text.__lwp_priority_init
                0x80024b0c       0x1c /opt/devkitpro/libogc/lib/wii/libogc.a(lwp_priority.o)
                0x80024b0c                __lwp_priority_init
 .text.__lwp_threadqueue_enqueuefifo
                0x80024b28      0x12c /opt/devkitpro/libogc/lib/wii/libogc.a(lwp_threadq.o)
                0x80024b28                __lwp_threadqueue_enqueuefifo
 .text.__lwp_threadqueue_dequeuefifo
                0x80024c54      0x134 /opt/devkitpro/libogc/lib/wii/libogc.a(lwp_threadq.o)
                0x80024c54                __lwp_threadqueue_dequeuefifo
 .text.__lwp_threadqueue_enqueuepriority
                0x80024d88      0x334 /opt/devkitpro/libogc/lib/wii/libogc.a(lwp_threadq.o)
                0x80024d88                __lwp_threadqueue_enqueuepriority
 .text.__lwp_threadqueue_dequeuepriority
                0x800250bc      0x1d8 /opt/devkitpro/libogc/lib/wii/libogc.a(lwp_threadq.o)
                0x800250bc                __lwp_threadqueue_dequeuepriority
 .text.__lwp_threadqueue_init
                0x80025294       0x64 /opt/devkitpro/libogc/lib/wii/libogc.a(lwp_threadq.o)
                0x80025294                __lwp_threadqueue_init
 .text.__lwp_threadqueue_enqueue
                0x800252f8      0x138 /opt/devkitpro/libogc/lib/wii/libogc.a(lwp_threadq.o)
                0x800252f8                __lwp_threadqueue_enqueue
 .text.__lwp_threadqueue_dequeue
                0x80025430       0x24 /opt/devkitpro/libogc/lib/wii/libogc.a(lwp_threadq.o)
                0x80025430                __lwp_threadqueue_dequeue
 .text.__lwp_threadqueue_flush
                0x80025454       0x68 /opt/devkitpro/libogc/lib/wii/libogc.a(lwp_threadq.o)
                0x80025454                __lwp_threadqueue_flush
 .text.__lwp_threadqueue_extractfifo
                0x800254bc       0xe8 /opt/devkitpro/libogc/lib/wii/libogc.a(lwp_threadq.o)
                0x800254bc                __lwp_threadqueue_extractfifo
 .text.__lwp_threadqueue_extractpriority
                0x800255a4      0x148 /opt/devkitpro/libogc/lib/wii/libogc.a(lwp_threadq.o)
                0x800255a4                __lwp_threadqueue_extractpriority
 .text.__lwp_threadqueue_timeout
                0x800256ec       0xd0 /opt/devkitpro/libogc/lib/wii/libogc.a(lwp_threadq.o)
 .text.__lwp_threadqueue_extractproxy
                0x800257bc       0x64 /opt/devkitpro/libogc/lib/wii/libogc.a(lwp_threadq.o)
                0x800257bc                __lwp_threadqueue_extractproxy
 .text.__lwp_mutex_initialize
                0x80025820       0xa4 /opt/devkitpro/libogc/lib/wii/libogc.a(lwp_mutex.o)
                0x80025820                __lwp_mutex_initialize
 .text.__lwp_mutex_surrender
                0x800258c4      0x14c /opt/devkitpro/libogc/lib/wii/libogc.a(lwp_mutex.o)
                0x800258c4                __lwp_mutex_surrender
 .text.__lwp_mutex_seize_irq_blocking
                0x80025a10       0xf8 /opt/devkitpro/libogc/lib/wii/libogc.a(lwp_mutex.o)
                0x80025a10                __lwp_mutex_seize_irq_blocking
 .text.__lwp_mutex_flush
                0x80025b08        0x4 /opt/devkitpro/libogc/lib/wii/libogc.a(lwp_mutex.o)
                0x80025b08                __lwp_mutex_flush
 .text.__systemcall_init
                0x80025b0c       0x70 /opt/devkitpro/libogc/lib/wii/libogc.a(exception.o)
                0x80025b0c                __systemcall_init
 .text.__exception_init
                0x80025b7c      0x120 /opt/devkitpro/libogc/lib/wii/libogc.a(exception.o)
                0x80025b7c                __exception_init
 .text.__exception_close
                0x80025c9c       0xac /opt/devkitpro/libogc/lib/wii/libogc.a(exception.o)
                0x80025c9c                __exception_close
 .text.__exception_closeall
                0x80025d48       0x80 /opt/devkitpro/libogc/lib/wii/libogc.a(exception.o)
                0x80025d48                __exception_closeall
 .text.c_default_exceptionhandler
                0x80025dc8      0x458 /opt/devkitpro/libogc/lib/wii/libogc.a(exception.o)
                0x80025dc8                c_default_exceptionhandler
 .text.__lwp_sema_init
                0x80026220       0x14 /opt/devkitpro/libogc/lib/wii/libogc.a(semaphore.o)
                0x80026220                __lwp_sema_init
 .text.SPEC1_MakeStatus
                0x80026234      0x104 /opt/devkitpro/libogc/lib/wii/libogc.a(pad.o)
 .text.__pad_samplinghandler
                0x80026338        0x4 /opt/devkitpro/libogc/lib/wii/libogc.a(pad.o)
 .text.__pad_doreset
                0x8002633c       0x50 /opt/devkitpro/libogc/lib/wii/libogc.a(pad.o)
 .text.__pad_updateorigin
                0x8002638c       0xa4 /opt/devkitpro/libogc/lib/wii/libogc.a(pad.o)
 .text.__pad_disable
                0x80026430       0xbc /opt/devkitpro/libogc/lib/wii/libogc.a(pad.o)
 .text.__pad_receivecheckcallback
                0x800264ec       0x84 /opt/devkitpro/libogc/lib/wii/libogc.a(pad.o)
 .text.__pad_typeandstatuscallback
                0x80026570      0x1ac /opt/devkitpro/libogc/lib/wii/libogc.a(pad.o)
 .text.__pad_originupdatecallback
                0x8002671c       0x2c /opt/devkitpro/libogc/lib/wii/libogc.a(pad.o)
 .text.__pad_onreset
                0x80026748      0x108 /opt/devkitpro/libogc/lib/wii/libogc.a(pad.o)
 .text.SPEC2_MakeStatus
                0x80026850      0x214 /opt/devkitpro/libogc/lib/wii/libogc.a(pad.o)
 .text.__pad_origincallback
                0x80026a64       0x74 /opt/devkitpro/libogc/lib/wii/libogc.a(pad.o)
 .text.__pad_probecallback
                0x80026ad8       0x88 /opt/devkitpro/libogc/lib/wii/libogc.a(pad.o)
 .text.__PADDisableRecalibration
                0x80026b60       0x64 /opt/devkitpro/libogc/lib/wii/libogc.a(pad.o)
                0x80026b60                __PADDisableRecalibration
 .text.PAD_Reset
                0x80026bc4       0xf0 /opt/devkitpro/libogc/lib/wii/libogc.a(pad.o)
                0x80026bc4                PAD_Reset
 .text.PAD_Read
                0x80026cb4      0x2d4 /opt/devkitpro/libogc/lib/wii/libogc.a(pad.o)
                0x80026cb4                PAD_Read
 .text.PAD_Init
                0x80026f88       0xf8 /opt/devkitpro/libogc/lib/wii/libogc.a(pad.o)
                0x80026f88                PAD_Init
 .text.PAD_ScanPads
                0x80027080      0x15c /opt/devkitpro/libogc/lib/wii/libogc.a(pad.o)
                0x80027080                PAD_ScanPads
 .text.PAD_ButtonsDown
                0x800271dc       0x40 /opt/devkitpro/libogc/lib/wii/libogc.a(pad.o)
                0x800271dc                PAD_ButtonsDown
 .text.__exi_irq_handler
                0x8002721c       0x58 /opt/devkitpro/libogc/lib/wii/libogc.a(exi.o)
 .text.__ext_irq_handler
                0x80027274       0xc8 /opt/devkitpro/libogc/lib/wii/libogc.a(exi.o)
 .text.__tc_irq_handler
                0x8002733c      0x178 /opt/devkitpro/libogc/lib/wii/libogc.a(exi.o)
 .text.__exi_probe
                0x800274b4      0x214 /opt/devkitpro/libogc/lib/wii/libogc.a(exi.o)
 .text.__exi_attach
                0x800276c8      0x104 /opt/devkitpro/libogc/lib/wii/libogc.a(exi.o)
 .text.EXI_Lock
                0x800277cc      0x218 /opt/devkitpro/libogc/lib/wii/libogc.a(exi.o)
                0x800277cc                EXI_Lock
 .text.EXI_Unlock
                0x800279e4      0x224 /opt/devkitpro/libogc/lib/wii/libogc.a(exi.o)
                0x800279e4                EXI_Unlock
 .text.EXI_Select
                0x80027c08      0x208 /opt/devkitpro/libogc/lib/wii/libogc.a(exi.o)
                0x80027c08                EXI_Select
 .text.EXI_Deselect
                0x80027e10      0x16c /opt/devkitpro/libogc/lib/wii/libogc.a(exi.o)
                0x80027e10                EXI_Deselect
 .text.EXI_Sync
                0x80027f7c      0x108 /opt/devkitpro/libogc/lib/wii/libogc.a(exi.o)
                0x80027f7c                EXI_Sync
 .text.EXI_Imm  0x80028084      0x1f8 /opt/devkitpro/libogc/lib/wii/libogc.a(exi.o)
                0x80028084                EXI_Imm
 .text.EXI_ImmEx
                0x8002827c       0xd8 /opt/devkitpro/libogc/lib/wii/libogc.a(exi.o)
                0x8002827c                EXI_ImmEx
 .text.EXI_Dma  0x80028354      0x16c /opt/devkitpro/libogc/lib/wii/libogc.a(exi.o)
                0x80028354                EXI_Dma
 .text.EXI_Detach
                0x800284c0       0xb0 /opt/devkitpro/libogc/lib/wii/libogc.a(exi.o)
                0x800284c0                EXI_Detach
 .text.EXI_GetID
                0x80028570      0x338 /opt/devkitpro/libogc/lib/wii/libogc.a(exi.o)
                0x80028570                EXI_GetID
 .text.__unlocked_handler
                0x800288a8       0x28 /opt/devkitpro/libogc/lib/wii/libogc.a(exi.o)
 .text.EXI_ProbeReset
                0x800288d0       0x70 /opt/devkitpro/libogc/lib/wii/libogc.a(exi.o)
                0x800288d0                EXI_ProbeReset
 .text.__exi_init
                0x80028940      0x188 /opt/devkitpro/libogc/lib/wii/libogc.a(exi.o)
                0x80028940                __exi_init
 .text.__lwp_mutex_locksupp.constprop.0
                0x80028ac8      0x2a8 /opt/devkitpro/libogc/lib/wii/libogc.a(mutex.o)
 .text.__lwp_mutex_init
                0x80028d70       0x14 /opt/devkitpro/libogc/lib/wii/libogc.a(mutex.o)
                0x80028d70                __lwp_mutex_init
 .text.LWP_MutexInit
                0x80028d84      0x100 /opt/devkitpro/libogc/lib/wii/libogc.a(mutex.o)
                0x80028d84                LWP_MutexInit
 .text.LWP_MutexDestroy
                0x80028e84       0xf0 /opt/devkitpro/libogc/lib/wii/libogc.a(mutex.o)
                0x80028e84                LWP_MutexDestroy
 .text.LWP_MutexLock
                0x80028f74        0x8 /opt/devkitpro/libogc/lib/wii/libogc.a(mutex.o)
                0x80028f74                LWP_MutexLock
 .text.LWP_MutexUnlock
                0x80028f7c       0x9c /opt/devkitpro/libogc/lib/wii/libogc.a(mutex.o)
                0x80028f7c                LWP_MutexUnlock
 .text.__GX_InitRevBits
                0x80029018       0x98 /opt/devkitpro/libogc/lib/wii/libogc.a(gx.o)
 .text.GX_AbortFrame
                0x800290b0      0x3d8 /opt/devkitpro/libogc/lib/wii/libogc.a(gx.o)
                0x800290b0                GX_AbortFrame
 .text.number   0x80029488      0x318 /opt/devkitpro/libogc/lib/wii/libogc.a(kprintf.o)
 .text.kvsprintf
                0x800297a0      0x888 /opt/devkitpro/libogc/lib/wii/libogc.a(kprintf.o)
                0x800297a0                kvsprintf
 .text.kprintf  0x8002a028       0xac /opt/devkitpro/libogc/lib/wii/libogc.a(kprintf.o)
                0x8002a028                kprintf
 .text.net_wc24cleanup
                0x8002a0d4       0x64 /opt/devkitpro/libogc/lib/wii/libogc.a(network_wii.o)
                0x8002a0d4                net_wc24cleanup
 .text.atanf    0x8002a138      0x290 /opt/devkitpro/devkitPPC/bin/../lib/gcc/powerpc-eabi/13.1.0/../../../../powerpc-eabi/lib/libm.a(libm_a-sf_atan.o)
                0x8002a138                atanf
 .text.atan2    0x8002a3c8        0x4 /opt/devkitpro/devkitPPC/bin/../lib/gcc/powerpc-eabi/13.1.0/../../../../powerpc-eabi/lib/libm.a(libm_a-w_atan2.o)
                0x8002a3c8                atan2
 .text.fabsf    0x8002a3cc       0x20 /opt/devkitpro/devkitPPC/bin/../lib/gcc/powerpc-eabi/13.1.0/../../../../powerpc-eabi/lib/libm.a(libm_a-sf_fabs.o)
                0x8002a3cc                fabsf
 .text.cosf     0x8002a3ec       0xe0 /opt/devkitpro/devkitPPC/bin/../lib/gcc/powerpc-eabi/13.1.0/../../../../powerpc-eabi/lib/libm.a(libm_a-sf_cos.o)
                0x8002a3ec                cosf
 .text.sqrtf    0x8002a4cc       0x74 /opt/devkitpro/devkitPPC/bin/../lib/gcc/powerpc-eabi/13.1.0/../../../../powerpc-eabi/lib/libm.a(libm_a-wf_sqrt.o)
                0x8002a4cc                sqrtf
 .text.hypotf   0x8002a540       0x8c /opt/devkitpro/devkitPPC/bin/../lib/gcc/powerpc-eabi/13.1.0/../../../../powerpc-eabi/lib/libm.a(libm_a-wf_hypot.o)
                0x8002a540                hypotf
 .text.atan2f   0x8002a5cc        0x4 /opt/devkitpro/devkitPPC/bin/../lib/gcc/powerpc-eabi/13.1.0/../../../../powerpc-eabi/lib/libm.a(libm_a-wf_atan2.o)
                0x8002a5cc                atan2f
 .text.__ieee754_hypotf
                0x8002a5d0      0x214 /opt/devkitpro/devkitPPC/bin/../lib/gcc/powerpc-eabi/13.1.0/../../../../powerpc-eabi/lib/libm.a(libm_a-ef_hypot.o)
                0x8002a5d0                __ieee754_hypotf
 .text.__kernel_cosf
                0x8002a7e4      0x188 /opt/devkitpro/devkitPPC/bin/../lib/gcc/powerpc-eabi/13.1.0/../../../../powerpc-eabi/lib/libm.a(libm_a-kf_cos.o)
                0x8002a7e4                __kernel_cosf